<html>
<body>
<pre>
<h1>礦ision Build Log</h1>
<h2>Tool Versions:</h2>
IDE-Version: μVision V5.23.0.0
Copyright (C) 2017 ARM Ltd and ARM Germany GmbH. All rights reserved.
License Information: hxx hxx, hxx, LIC=----
 
Tool Versions:
Toolchain:       MDK-Lite  Version: 5.23
Toolchain Path:  C:\Keil_v5\ARM\ARMCC\Bin
C Compiler:      Armcc.exe V5.06 update 4 (build 422)
Assembler:       Armasm.exe V5.06 update 4 (build 422)
Linker/Locator:  ArmLink.exe V5.06 update 4 (build 422)
Library Manager: ArmAr.exe V5.06 update 4 (build 422)
Hex Converter:   FromElf.exe V5.06 update 4 (build 422)
CPU DLL:         SARMCM3.DLL V5.23
Dialog DLL:      DARMCM1.DLL V1.17.0.0
Target DLL:      Segger\JL2CM3.dll V2.99.23.0
Dialog DLL:      TARMCM1.DLL V1.12.0.0
 
<h2>Project:</h2>
F:\HXX\Workspace\MAX7456OSD\code\20171221_RC01-加回航箭头中,修改drawall不能显示的问题\project\mdk5.2\stm32f0xx_template.uvprojx
Project File Date:  12/21/2017

<h2>Output:</h2>
*** Using Compiler 'V5.06 update 4 (build 422)', folder: 'C:\Keil_v5\ARM\ARMCC\Bin'
Rebuild target 'demo'
compiling app_led.c...
compiling main.c...
compiling app_speedgroup.c...
compiling lib_kalman.c...
compiling app_debug.c...
compiling app_max7456.c...
compiling lib_math.c...
compiling sys.c...
compiling sys_api.c...
compiling sys_delay.c...
compiling sys_clock.c...
compiling sys_printf.c...
compiling sys_protocol.c...
compiling drv_clock.c...
compiling drv_common.c...
compiling drv_systick.c...
compiling drv_usart_hardware.c...
compiling drv_timers.c...
compiling drv_spi_hardware.c...
assembling startup_stm32f031.s...
compiling drv_max7456.c...
compiling drv_led.c...
linking...
Program Size: Code=8524 RO-data=440 RW-data=236 ZI-data=2844  
FromELF: creating hex file...
".\Objects\stm32f0xx_template.axf" - 0 Error(s), 0 Warning(s).

<h2>Collection of Component include folders:</h2>
  .\RTE\_demo
  C:\Keil_v5\ARM\PACK\Keil\STM32F0xx_DFP\2.0.0\Drivers\CMSIS\Device\ST\STM32F0xx\Include

<h2>Collection of Component Files used:</h2>
Build Time Elapsed:  00:00:06
</pre>
</body>
</html>
