Component: ARM Compiler 5.06 update 4 (build 422) Tool: armlink [4d35d2]

==============================================================================

Section Cross References

    main.o(i.app_init) refers to app_max7456.o(i.max7456_init) for max7456_init
    main.o(i.main) refers to sys.o(i.sys_init) for sys_init
    main.o(i.main) refers to main.o(i.app_init) for app_init
    main.o(i.main) refers to app_speedgroup.o(i.start_task) for start_task
    app_speedgroup.o(i.start_task) refers to sys.o(.data) for sys_speed_flag
    app_speedgroup.o(i.start_task) refers to app_speedgroup.o(.data) for task_list
    app_speedgroup.o(.data) refers to sys.o(i.task_null) for task_null
    app_speedgroup.o(.data) refers to app_max7456.o(i.task_max7456_draw_osd) for task_max7456_draw_osd
    app_speedgroup.o(.data) refers to app_debug.o(i.task_debug) for task_debug
    app_speedgroup.o(.data) refers to app_led.o(i.task_led) for task_led
    app_led.o(i.led_off) refers to sys_api.o(.data) for led_write
    app_led.o(i.led_on) refers to sys_api.o(.data) for led_write
    app_led.o(i.led_reverse) refers to app_led.o(i.led_status) for led_status
    app_led.o(i.led_reverse) refers to app_led.o(i.led_off) for led_off
    app_led.o(i.led_reverse) refers to app_led.o(i.led_on) for led_on
    app_led.o(i.led_status) refers to sys_api.o(.data) for led_read
    app_led.o(i.task_led) refers to app_led.o(i.led_reverse) for led_reverse
    app_led.o(i.task_led) refers to app_led.o(.data) for led_cnt
    app_max7456.o(i.max7456_dma_send) refers to app_max7456.o(i.max7456_spi_send) for max7456_spi_send
    app_max7456.o(i.max7456_draw_airspeed) refers to printfa.o(i.__0sprintf) for __2sprintf
    app_max7456.o(i.max7456_draw_airspeed) refers to app_max7456.o(i.max7456_draw_string_xy) for max7456_draw_string_xy
    app_max7456.o(i.max7456_draw_allchar) refers to app_max7456.o(i.max7456_write_char_xy) for max7456_write_char_xy
    app_max7456.o(i.max7456_draw_altitude) refers to printfa.o(i.__0sprintf) for __2sprintf
    app_max7456.o(i.max7456_draw_altitude) refers to app_max7456.o(i.max7456_draw_string_xy) for max7456_draw_string_xy
    app_max7456.o(i.max7456_draw_char) refers to app_max7456.o(.bss) for screen_buf
    app_max7456.o(i.max7456_draw_char_xy) refers to app_max7456.o(i.max7456_draw_char) for max7456_draw_char
    app_max7456.o(i.max7456_draw_compass) refers to memcpya.o(.text) for __aeabi_memcpy4
    app_max7456.o(i.max7456_draw_compass) refers to idiv.o(.text) for __aeabi_idivmod
    app_max7456.o(i.max7456_draw_compass) refers to app_max7456.o(i.max7456_draw_string_xy) for max7456_draw_string_xy
    app_max7456.o(i.max7456_draw_flytime) refers to app_max7456.o(i.max7456_draw_char_xy) for max7456_draw_char_xy
    app_max7456.o(i.max7456_draw_flytime) refers to idiv.o(.text) for __aeabi_idivmod
    app_max7456.o(i.max7456_draw_flytime) refers to printfa.o(i.__0sprintf) for __2sprintf
    app_max7456.o(i.max7456_draw_flytime) refers to app_max7456.o(i.max7456_draw_string_xy) for max7456_draw_string_xy
    app_max7456.o(i.max7456_draw_gndspeed) refers to printfa.o(i.__0sprintf) for __2sprintf
    app_max7456.o(i.max7456_draw_gndspeed) refers to app_max7456.o(i.max7456_draw_string_xy) for max7456_draw_string_xy
    app_max7456.o(i.max7456_draw_gps) refers to app_max7456.o(i.max7456_draw_char_xy) for max7456_draw_char_xy
    app_max7456.o(i.max7456_draw_gps) refers to printfa.o(i.__0sprintf) for __2sprintf
    app_max7456.o(i.max7456_draw_gps) refers to app_max7456.o(i.max7456_draw_string_xy) for max7456_draw_string_xy
    app_max7456.o(i.max7456_draw_osd) refers to app_max7456.o(i.max7456_draw_flytime) for max7456_draw_flytime
    app_max7456.o(i.max7456_draw_osd) refers to app_max7456.o(i.max7456_draw_roll) for max7456_draw_roll
    app_max7456.o(i.max7456_draw_osd) refers to app_max7456.o(i.max7456_draw_pitch) for max7456_draw_pitch
    app_max7456.o(i.max7456_draw_osd) refers to app_max7456.o(i.max7456_draw_altitude) for max7456_draw_altitude
    app_max7456.o(i.max7456_draw_osd) refers to app_max7456.o(i.max7456_draw_airspeed) for max7456_draw_airspeed
    app_max7456.o(i.max7456_draw_osd) refers to app_max7456.o(i.max7456_draw_gndspeed) for max7456_draw_gndspeed
    app_max7456.o(i.max7456_draw_osd) refers to app_max7456.o(i.max7456_draw_gps) for max7456_draw_gps
    app_max7456.o(i.max7456_draw_osd) refers to app_max7456.o(i.max7456_draw_power) for max7456_draw_power
    app_max7456.o(i.max7456_draw_osd) refers to app_max7456.o(i.max7456_send_data) for max7456_send_data
    app_max7456.o(i.max7456_draw_osd) refers to app_max7456.o(.data) for debug_cnt
    app_max7456.o(i.max7456_draw_pitch) refers to app_max7456.o(i.max7456_draw_char_xy) for max7456_draw_char_xy
    app_max7456.o(i.max7456_draw_pitch) refers to printfa.o(i.__0sprintf) for __2sprintf
[...]
    tan_x.o(i.__tan$lsc) refers (Special) to iusefp.o(.text) for __I$use$fp
    tan_x.o(i.__tan$lsc) refers to errno.o(i.__set_errno) for __set_errno
    tan_x.o(i.__tan$lsc) refers to dunder.o(i.__mathlib_dbl_infnan) for __mathlib_dbl_infnan
    tan_x.o(i.__tan$lsc) refers to rred.o(i.__ieee754_rem_pio2) for __ieee754_rem_pio2
    tan_x.o(i.__tan$lsc) refers to tan_i.o(i.__kernel_tan) for __kernel_tan
    entry.o(.ARM.Collect$$$$00000000) refers (Special) to entry10a.o(.ARM.Collect$$$$0000000D) for __rt_final_cpp
    entry.o(.ARM.Collect$$$$00000000) refers (Special) to entry11a.o(.ARM.Collect$$$$0000000F) for __rt_final_exit
    entry.o(.ARM.Collect$$$$00000000) refers (Special) to entry7b.o(.ARM.Collect$$$$00000008) for _main_clock
    entry.o(.ARM.Collect$$$$00000000) refers (Special) to entry8b.o(.ARM.Collect$$$$0000000A) for _main_cpp_init
    entry.o(.ARM.Collect$$$$00000000) refers (Special) to entry9a.o(.ARM.Collect$$$$0000000B) for _main_init
    entry.o(.ARM.Collect$$$$00000000) refers (Special) to entry5.o(.ARM.Collect$$$$00000004) for _main_scatterload
    entry.o(.ARM.Collect$$$$00000000) refers (Special) to entry2.o(.ARM.Collect$$$$00000001) for _main_stk
    idiv.o(.text) refers to uidiv.o(.text) for __aeabi_uidivmod
    printfb.o(i.__0fprintf$bare) refers to printfb.o(i._printf_core) for _printf_core
    printfb.o(i.__0fprintf$bare) refers to sys_printf.o(i.fputc) for fputc
    printfb.o(i.__0printf$bare) refers to printfb.o(i._printf_core) for _printf_core
    printfb.o(i.__0printf$bare) refers to sys_printf.o(i.fputc) for fputc
    printfb.o(i.__0printf$bare) refers to sys_printf.o(.data) for __stdout
    printfb.o(i.__0snprintf$bare) refers to printfb.o(i._printf_core) for _printf_core
    printfb.o(i.__0snprintf$bare) refers to printfb.o(i._snputc) for _snputc
    printfb.o(i.__0sprintf$bare) refers to printfb.o(i._printf_core) for _printf_core
    printfb.o(i.__0sprintf$bare) refers to printfb.o(i._sputc) for _sputc
    printfb.o(i.__0vfprintf$bare) refers to printfb.o(i._printf_core) for _printf_core
    printfb.o(i.__0vfprintf$bare) refers to sys_printf.o(i.fputc) for fputc
    printfb.o(i.__0vprintf$bare) refers to printfb.o(i._printf_core) for _printf_core
    printfb.o(i.__0vprintf$bare) refers to sys_printf.o(i.fputc) for fputc
    printfb.o(i.__0vprintf$bare) refers to sys_printf.o(.data) for __stdout
    printfb.o(i.__0vsnprintf$bare) refers to printfb.o(i._printf_core) for _printf_core
    printfb.o(i.__0vsnprintf$bare) refers to printfb.o(i._snputc) for _snputc
    printfb.o(i.__0vsprintf$bare) refers to printfb.o(i._printf_core) for _printf_core
    printfb.o(i.__0vsprintf$bare) refers to printfb.o(i._sputc) for _sputc
    printf0.o(i.__0fprintf$0) refers to printf0.o(i._printf_core) for _printf_core
    printf0.o(i.__0fprintf$0) refers to sys_printf.o(i.fputc) for fputc
    printf0.o(i.__0printf$0) refers to printf0.o(i._printf_core) for _printf_core
    printf0.o(i.__0printf$0) refers to sys_printf.o(i.fputc) for fputc
    printf0.o(i.__0printf$0) refers to sys_printf.o(.data) for __stdout
    printf0.o(i.__0snprintf$0) refers to printf0.o(i._printf_core) for _printf_core
    printf0.o(i.__0snprintf$0) refers to printf0.o(i._snputc) for _snputc
    printf0.o(i.__0sprintf$0) refers to printf0.o(i._printf_core) for _printf_core
    printf0.o(i.__0sprintf$0) refers to printf0.o(i._sputc) for _sputc
    printf0.o(i.__0vfprintf$0) refers to printf0.o(i._printf_core) for _printf_core
    printf0.o(i.__0vfprintf$0) refers to sys_printf.o(i.fputc) for fputc
    printf0.o(i.__0vprintf$0) refers to printf0.o(i._printf_core) for _printf_core
    printf0.o(i.__0vprintf$0) refers to sys_printf.o(i.fputc) for fputc
    printf0.o(i.__0vprintf$0) refers to sys_printf.o(.data) for __stdout
    printf0.o(i.__0vsnprintf$0) refers to printf0.o(i._printf_core) for _printf_core
    printf0.o(i.__0vsnprintf$0) refers to printf0.o(i._snputc) for _snputc
    printf0.o(i.__0vsprintf$0) refers to printf0.o(i._printf_core) for _printf_core
    printf0.o(i.__0vsprintf$0) refers to printf0.o(i._sputc) for _sputc
    printf1.o(i.__0fprintf$1) refers to printf1.o(i._printf_core) for _printf_core
    printf1.o(i.__0fprintf$1) refers to sys_printf.o(i.fputc) for fputc
    printf1.o(i.__0printf$1) refers to printf1.o(i._printf_core) for _printf_core
    printf1.o(i.__0printf$1) refers to sys_printf.o(i.fputc) for fputc
    printf1.o(i.__0printf$1) refers to sys_printf.o(.data) for __stdout
    printf1.o(i.__0snprintf$1) refers to printf1.o(i._printf_core) for _printf_core
    printf1.o(i.__0snprintf$1) refers to printf1.o(i._snputc) for _snputc
    printf1.o(i.__0sprintf$1) refers to printf1.o(i._printf_core) for _printf_core
    printf1.o(i.__0sprintf$1) refers to printf1.o(i._sputc) for _sputc
    printf1.o(i.__0vfprintf$1) refers to printf1.o(i._printf_core) for _printf_core
    printf1.o(i.__0vfprintf$1) refers to sys_printf.o(i.fputc) for fputc
    printf1.o(i.__0vprintf$1) refers to printf1.o(i._printf_core) for _printf_core
    printf1.o(i.__0vprintf$1) refers to sys_printf.o(i.fputc) for fputc
    printf1.o(i.__0vprintf$1) refers to sys_printf.o(.data) for __stdout
    printf1.o(i.__0vsnprintf$1) refers to printf1.o(i._printf_core) for _printf_core
    printf1.o(i.__0vsnprintf$1) refers to printf1.o(i._snputc) for _snputc
    printf1.o(i.__0vsprintf$1) refers to printf1.o(i._printf_core) for _printf_core
    printf1.o(i.__0vsprintf$1) refers to printf1.o(i._sputc) for _sputc
    printf1.o(i._printf_core) refers to uidiv.o(.text) for __aeabi_uidivmod
    printf2.o(i.__0fprintf$2) refers to printf2.o(i._printf_core) for _printf_core
    printf2.o(i.__0fprintf$2) refers to sys_printf.o(i.fputc) for fputc
    printf2.o(i.__0printf$2) refers to printf2.o(i._printf_core) for _printf_core
    printf2.o(i.__0printf$2) refers to sys_printf.o(i.fputc) for fputc
    printf2.o(i.__0printf$2) refers to sys_printf.o(.data) for __stdout
    printf2.o(i.__0snprintf$2) refers to printf2.o(i._printf_core) for _printf_core
    printf2.o(i.__0snprintf$2) refers to printf2.o(i._snputc) for _snputc
    printf2.o(i.__0sprintf$2) refers to printf2.o(i._printf_core) for _printf_core
    printf2.o(i.__0sprintf$2) refers to printf2.o(i._sputc) for _sputc
    printf2.o(i.__0vfprintf$2) refers to printf2.o(i._printf_core) for _printf_core
    printf2.o(i.__0vfprintf$2) refers to sys_printf.o(i.fputc) for fputc
    printf2.o(i.__0vprintf$2) refers to printf2.o(i._printf_core) for _printf_core
    printf2.o(i.__0vprintf$2) refers to sys_printf.o(i.fputc) for fputc
    printf2.o(i.__0vprintf$2) refers to sys_printf.o(.data) for __stdout
    printf2.o(i.__0vsnprintf$2) refers to printf2.o(i._printf_core) for _printf_core
    printf2.o(i.__0vsnprintf$2) refers to printf2.o(i._snputc) for _snputc
    printf2.o(i.__0vsprintf$2) refers to printf2.o(i._printf_core) for _printf_core
    printf2.o(i.__0vsprintf$2) refers to printf2.o(i._sputc) for _sputc
    printf3.o(i.__0fprintf$3) refers to printf3.o(i._printf_core) for _printf_core
    printf3.o(i.__0fprintf$3) refers to sys_printf.o(i.fputc) for fputc
    printf3.o(i.__0printf$3) refers to printf3.o(i._printf_core) for _printf_core
    printf3.o(i.__0printf$3) refers to sys_printf.o(i.fputc) for fputc
    printf3.o(i.__0printf$3) refers to sys_printf.o(.data) for __stdout
    printf3.o(i.__0snprintf$3) refers to printf3.o(i._printf_core) for _printf_core
    printf3.o(i.__0snprintf$3) refers to printf3.o(i._snputc) for _snputc
    printf3.o(i.__0sprintf$3) refers to printf3.o(i._printf_core) for _printf_core
    printf3.o(i.__0sprintf$3) refers to printf3.o(i._sputc) for _sputc
    printf3.o(i.__0vfprintf$3) refers to printf3.o(i._printf_core) for _printf_core
    printf3.o(i.__0vfprintf$3) refers to sys_printf.o(i.fputc) for fputc
    printf3.o(i.__0vprintf$3) refers to printf3.o(i._printf_core) for _printf_core
    printf3.o(i.__0vprintf$3) refers to sys_printf.o(i.fputc) for fputc
    printf3.o(i.__0vprintf$3) refers to sys_printf.o(.data) for __stdout
    printf3.o(i.__0vsnprintf$3) refers to printf3.o(i._printf_core) for _printf_core
    printf3.o(i.__0vsnprintf$3) refers to printf3.o(i._snputc) for _snputc
    printf3.o(i.__0vsprintf$3) refers to printf3.o(i._printf_core) for _printf_core
    printf3.o(i.__0vsprintf$3) refers to printf3.o(i._sputc) for _sputc
    printf3.o(i._printf_core) refers to uidiv.o(.text) for __aeabi_uidivmod
    printf4.o(i.__0fprintf$4) refers to printf4.o(i._printf_core) for _printf_core
    printf4.o(i.__0fprintf$4) refers to sys_printf.o(i.fputc) for fputc
    printf4.o(i.__0printf$4) refers to printf4.o(i._printf_core) for _printf_core
    printf4.o(i.__0printf$4) refers to sys_printf.o(i.fputc) for fputc
    printf4.o(i.__0printf$4) refers to sys_printf.o(.data) for __stdout
    printf4.o(i.__0snprintf$4) refers to printf4.o(i._printf_core) for _printf_core
    printf4.o(i.__0snprintf$4) refers to printf4.o(i._snputc) for _snputc
    printf4.o(i.__0sprintf$4) refers to printf4.o(i._printf_core) for _printf_core
    printf4.o(i.__0sprintf$4) refers to printf4.o(i._sputc) for _sputc
    printf4.o(i.__0vfprintf$4) refers to printf4.o(i._printf_core) for _printf_core
    printf4.o(i.__0vfprintf$4) refers to sys_printf.o(i.fputc) for fputc
    printf4.o(i.__0vprintf$4) refers to printf4.o(i._printf_core) for _printf_core
    printf4.o(i.__0vprintf$4) refers to sys_printf.o(i.fputc) for fputc
    printf4.o(i.__0vprintf$4) refers to sys_printf.o(.data) for __stdout
    printf4.o(i.__0vsnprintf$4) refers to printf4.o(i._printf_core) for _printf_core
    printf4.o(i.__0vsnprintf$4) refers to printf4.o(i._snputc) for _snputc
    printf4.o(i.__0vsprintf$4) refers to printf4.o(i._printf_core) for _printf_core
    printf4.o(i.__0vsprintf$4) refers to printf4.o(i._sputc) for _sputc
    printf4.o(i._printf_core) refers to uldiv.o(.text) for __aeabi_uldivmod
    printf5.o(i.__0fprintf$5) refers to printf5.o(i._printf_core) for _printf_core
    printf5.o(i.__0fprintf$5) refers to sys_printf.o(i.fputc) for fputc
    printf5.o(i.__0printf$5) refers to printf5.o(i._printf_core) for _printf_core
    printf5.o(i.__0printf$5) refers to sys_printf.o(i.fputc) for fputc
    printf5.o(i.__0printf$5) refers to sys_printf.o(.data) for __stdout
    printf5.o(i.__0snprintf$5) refers to printf5.o(i._printf_core) for _printf_core
    printf5.o(i.__0snprintf$5) refers to printf5.o(i._snputc) for _snputc
    printf5.o(i.__0sprintf$5) refers to printf5.o(i._printf_core) for _printf_core
    printf5.o(i.__0sprintf$5) refers to printf5.o(i._sputc) for _sputc
    printf5.o(i.__0vfprintf$5) refers to printf5.o(i._printf_core) for _printf_core
    printf5.o(i.__0vfprintf$5) refers to sys_printf.o(i.fputc) for fputc
    printf5.o(i.__0vprintf$5) refers to printf5.o(i._printf_core) for _printf_core
    printf5.o(i.__0vprintf$5) refers to sys_printf.o(i.fputc) for fputc
    printf5.o(i.__0vprintf$5) refers to sys_printf.o(.data) for __stdout
    printf5.o(i.__0vsnprintf$5) refers to printf5.o(i._printf_core) for _printf_core
    printf5.o(i.__0vsnprintf$5) refers to printf5.o(i._snputc) for _snputc
    printf5.o(i.__0vsprintf$5) refers to printf5.o(i._printf_core) for _printf_core
    printf5.o(i.__0vsprintf$5) refers to printf5.o(i._sputc) for _sputc
    printf5.o(i._printf_core) refers to uldiv.o(.text) for __aeabi_uldivmod
    printf6.o(i.__0fprintf$6) refers to printf6.o(i._printf_core) for _printf_core
    printf6.o(i.__0fprintf$6) refers to sys_printf.o(i.fputc) for fputc
    printf6.o(i.__0printf$6) refers to printf6.o(i._printf_core) for _printf_core
    printf6.o(i.__0printf$6) refers to sys_printf.o(i.fputc) for fputc
    printf6.o(i.__0printf$6) refers to sys_printf.o(.data) for __stdout
    printf6.o(i.__0snprintf$6) refers to printf6.o(i._printf_core) for _printf_core
    printf6.o(i.__0snprintf$6) refers to printf6.o(i._snputc) for _snputc
    printf6.o(i.__0sprintf$6) refers to printf6.o(i._printf_core) for _printf_core
    printf6.o(i.__0sprintf$6) refers to printf6.o(i._sputc) for _sputc
    printf6.o(i.__0vfprintf$6) refers to printf6.o(i._printf_core) for _printf_core
    printf6.o(i.__0vfprintf$6) refers to sys_printf.o(i.fputc) for fputc
    printf6.o(i.__0vprintf$6) refers to printf6.o(i._printf_core) for _printf_core
    printf6.o(i.__0vprintf$6) refers to sys_printf.o(i.fputc) for fputc
    printf6.o(i.__0vprintf$6) refers to sys_printf.o(.data) for __stdout
    printf6.o(i.__0vsnprintf$6) refers to printf6.o(i._printf_core) for _printf_core
    printf6.o(i.__0vsnprintf$6) refers to printf6.o(i._snputc) for _snputc
    printf6.o(i.__0vsprintf$6) refers to printf6.o(i._printf_core) for _printf_core
    printf6.o(i.__0vsprintf$6) refers to printf6.o(i._sputc) for _sputc
    printf6.o(i._printf_core) refers to printf6.o(i._printf_pre_padding) for _printf_pre_padding
    printf6.o(i._printf_core) refers to printf6.o(i._printf_post_padding) for _printf_post_padding
    printf6.o(i._printf_core) refers to uidiv.o(.text) for __aeabi_uidivmod
    printf7.o(i.__0fprintf$7) refers to printf7.o(i._printf_core) for _printf_core
    printf7.o(i.__0fprintf$7) refers to sys_printf.o(i.fputc) for fputc
    printf7.o(i.__0printf$7) refers to printf7.o(i._printf_core) for _printf_core
    printf7.o(i.__0printf$7) refers to sys_printf.o(i.fputc) for fputc
    printf7.o(i.__0printf$7) refers to sys_printf.o(.data) for __stdout
    printf7.o(i.__0snprintf$7) refers to printf7.o(i._printf_core) for _printf_core
    printf7.o(i.__0snprintf$7) refers to printf7.o(i._snputc) for _snputc
    printf7.o(i.__0sprintf$7) refers to printf7.o(i._printf_core) for _printf_core
    printf7.o(i.__0sprintf$7) refers to printf7.o(i._sputc) for _sputc
    printf7.o(i.__0vfprintf$7) refers to printf7.o(i._printf_core) for _printf_core
    printf7.o(i.__0vfprintf$7) refers to sys_printf.o(i.fputc) for fputc
    printf7.o(i.__0vprintf$7) refers to printf7.o(i._printf_core) for _printf_core
    printf7.o(i.__0vprintf$7) refers to sys_printf.o(i.fputc) for fputc
    printf7.o(i.__0vprintf$7) refers to sys_printf.o(.data) for __stdout
    printf7.o(i.__0vsnprintf$7) refers to printf7.o(i._printf_core) for _printf_core
    printf7.o(i.__0vsnprintf$7) refers to printf7.o(i._snputc) for _snputc
    printf7.o(i.__0vsprintf$7) refers to printf7.o(i._printf_core) for _printf_core
    printf7.o(i.__0vsprintf$7) refers to printf7.o(i._sputc) for _sputc
    printf7.o(i._printf_core) refers to printf7.o(i._printf_pre_padding) for _printf_pre_padding
    printf7.o(i._printf_core) refers to printf7.o(i._printf_post_padding) for _printf_post_padding
    printf7.o(i._printf_core) refers to uldiv.o(.text) for __aeabi_uldivmod
    printf8.o(i.__0fprintf$8) refers to printf8.o(i._printf_core) for _printf_core
    printf8.o(i.__0fprintf$8) refers to sys_printf.o(i.fputc) for fputc
    printf8.o(i.__0printf$8) refers to printf8.o(i._printf_core) for _printf_core
    printf8.o(i.__0printf$8) refers to sys_printf.o(i.fputc) for fputc
    printf8.o(i.__0printf$8) refers to sys_printf.o(.data) for __stdout
    printf8.o(i.__0snprintf$8) refers to printf8.o(i._printf_core) for _printf_core
    printf8.o(i.__0snprintf$8) refers to printf8.o(i._snputc) for _snputc
    printf8.o(i.__0sprintf$8) refers to printf8.o(i._printf_core) for _printf_core
    printf8.o(i.__0sprintf$8) refers to printf8.o(i._sputc) for _sputc
    printf8.o(i.__0vfprintf$8) refers to printf8.o(i._printf_core) for _printf_core
    printf8.o(i.__0vfprintf$8) refers to sys_printf.o(i.fputc) for fputc
    printf8.o(i.__0vprintf$8) refers to printf8.o(i._printf_core) for _printf_core
    printf8.o(i.__0vprintf$8) refers to sys_printf.o(i.fputc) for fputc
    printf8.o(i.__0vprintf$8) refers to sys_printf.o(.data) for __stdout
    printf8.o(i.__0vsnprintf$8) refers to printf8.o(i._printf_core) for _printf_core
    printf8.o(i.__0vsnprintf$8) refers to printf8.o(i._snputc) for _snputc
    printf8.o(i.__0vsprintf$8) refers to printf8.o(i._printf_core) for _printf_core
    printf8.o(i.__0vsprintf$8) refers to printf8.o(i._sputc) for _sputc
    printf8.o(i._printf_core) refers to printf8.o(i._printf_pre_padding) for _printf_pre_padding
    printf8.o(i._printf_core) refers to printf8.o(i._printf_post_padding) for _printf_post_padding
    printf8.o(i._printf_core) refers to uldiv.o(.text) for __aeabi_uldivmod
    printfa.o(i.__0fprintf) refers (Special) to iusefp.o(.text) for __I$use$fp
    printfa.o(i.__0fprintf) refers to printfa.o(i._printf_core) for _printf_core
    printfa.o(i.__0fprintf) refers to sys_printf.o(i.fputc) for fputc
    printfa.o(i.__0printf) refers (Special) to iusefp.o(.text) for __I$use$fp
    printfa.o(i.__0printf) refers to printfa.o(i._printf_core) for _printf_core
    printfa.o(i.__0printf) refers to sys_printf.o(i.fputc) for fputc
    printfa.o(i.__0printf) refers to sys_printf.o(.data) for __stdout
    printfa.o(i.__0snprintf) refers (Special) to iusefp.o(.text) for __I$use$fp
    printfa.o(i.__0snprintf) refers to printfa.o(i._printf_core) for _printf_core
    printfa.o(i.__0snprintf) refers to printfa.o(i._snputc) for _snputc
    printfa.o(i.__0sprintf) refers (Special) to iusefp.o(.text) for __I$use$fp
    printfa.o(i.__0sprintf) refers to printfa.o(i._printf_core) for _printf_core
    printfa.o(i.__0sprintf) refers to printfa.o(i._sputc) for _sputc
    printfa.o(i.__0vfprintf) refers (Special) to iusefp.o(.text) for __I$use$fp
    printfa.o(i.__0vfprintf) refers to printfa.o(i._printf_core) for _printf_core
    printfa.o(i.__0vfprintf) refers to sys_printf.o(i.fputc) for fputc
    printfa.o(i.__0vprintf) refers (Special) to iusefp.o(.text) for __I$use$fp
    printfa.o(i.__0vprintf) refers to printfa.o(i._printf_core) for _printf_core
    printfa.o(i.__0vprintf) refers to sys_printf.o(i.fputc) for fputc
    printfa.o(i.__0vprintf) refers to sys_printf.o(.data) for __stdout
    printfa.o(i.__0vsnprintf) refers (Special) to iusefp.o(.text) for __I$use$fp
    printfa.o(i.__0vsnprintf) refers to printfa.o(i._printf_core) for _printf_core
    printfa.o(i.__0vsnprintf) refers to printfa.o(i._snputc) for _snputc
    printfa.o(i.__0vsprintf) refers (Special) to iusefp.o(.text) for __I$use$fp
    printfa.o(i.__0vsprintf) refers to printfa.o(i._printf_core) for _printf_core
    printfa.o(i.__0vsprintf) refers to printfa.o(i._sputc) for _sputc
    printfa.o(i._fp_digits) refers (Special) to iusefp.o(.text) for __I$use$fp
    printfa.o(i._fp_digits) refers to dmul.o(.text) for __aeabi_dmul
    printfa.o(i._fp_digits) refers to ddiv.o(.text) for __aeabi_ddiv
    printfa.o(i._fp_digits) refers to cdrcmple.o(.text) for __aeabi_cdrcmple
    printfa.o(i._fp_digits) refers to dadd.o(.text) for __aeabi_dadd
    printfa.o(i._fp_digits) refers to dfixul.o(.text) for __aeabi_d2ulz
    printfa.o(i._fp_digits) refers to uldiv.o(.text) for __aeabi_uldivmod
    printfa.o(i._printf_core) refers (Special) to iusefp.o(.text) for __I$use$fp
    printfa.o(i._printf_core) refers to printfa.o(i._printf_pre_padding) for _printf_pre_padding
    printfa.o(i._printf_core) refers to uldiv.o(.text) for __aeabi_uldivmod
    printfa.o(i._printf_core) refers to printfa.o(i._printf_post_padding) for _printf_post_padding
    printfa.o(i._printf_core) refers to printfa.o(i._fp_digits) for _fp_digits
    printfa.o(i._printf_core) refers to uidiv.o(.text) for __aeabi_uidivmod
    printfa.o(i._printf_post_padding) refers (Special) to iusefp.o(.text) for __I$use$fp
    printfa.o(i._printf_pre_padding) refers (Special) to iusefp.o(.text) for __I$use$fp
    printfa.o(i._snputc) refers (Special) to iusefp.o(.text) for __I$use$fp
    printfa.o(i._sputc) refers (Special) to iusefp.o(.text) for __I$use$fp
    fadd.o(.text) refers (Special) to iusefp.o(.text) for __I$use$fp
    fadd.o(.text) refers to fepilogue.o(.text) for _float_epilogue
    dadd.o(.text) refers (Special) to iusefp.o(.text) for __I$use$fp
    dadd.o(.text) refers to llshl.o(.text) for __aeabi_llsl
    dadd.o(.text) refers to llsshr.o(.text) for __aeabi_lasr
    dadd.o(.text) refers to depilogue.o(.text) for _double_epilogue
    dmul.o(.text) refers (Special) to iusefp.o(.text) for __I$use$fp
    dmul.o(.text) refers to depilogue.o(.text) for _double_epilogue
    ddiv.o(.text) refers (Special) to iusefp.o(.text) for __I$use$fp
    ddiv.o(.text) refers to depilogue.o(.text) for _double_round
    dflti.o(.text) refers (Special) to iusefp.o(.text) for __I$use$fp
    dflti.o(.text) refers to depilogue.o(.text) for _double_epilogue
    dfltui.o(.text) refers (Special) to iusefp.o(.text) for __I$use$fp
    dfltui.o(.text) refers to depilogue.o(.text) for _double_epilogue
    dfixi.o(.text) refers (Special) to iusefp.o(.text) for __I$use$fp
    dfixi.o(.text) refers to llushr.o(.text) for __aeabi_llsr
    dfixui.o(.text) refers (Special) to iusefp.o(.text) for __I$use$fp
    dfixui.o(.text) refers to llushr.o(.text) for __aeabi_llsr
    f2d.o(.text) refers (Special) to iusefp.o(.text) for __I$use$fp
    cdcmple.o(.text) refers (Special) to iusefp.o(.text) for __I$use$fp
    cdrcmple.o(.text) refers (Special) to iusefp.o(.text) for __I$use$fp
    dunder.o(i.__mathlib_dbl_divzero) refers to ddiv.o(.text) for __aeabi_ddiv
    dunder.o(i.__mathlib_dbl_infnan) refers to dscalb.o(.text) for __ARM_scalbn
    dunder.o(i.__mathlib_dbl_infnan2) refers to dadd.o(.text) for __aeabi_dadd
    dunder.o(i.__mathlib_dbl_invalid) refers to ddiv.o(.text) for __aeabi_ddiv
    dunder.o(i.__mathlib_dbl_overflow) refers to dscalb.o(.text) for __ARM_scalbn
    dunder.o(i.__mathlib_dbl_posinfnan) refers to dmul.o(.text) for __aeabi_dmul
    dunder.o(i.__mathlib_dbl_underflow) refers to dscalb.o(.text) for __ARM_scalbn
    rred.o(i.__ieee754_rem_pio2) refers (Special) to iusefp.o(.text) for __I$use$fp
    rred.o(i.__ieee754_rem_pio2) refers to dadd.o(.text) for __aeabi_dsub
    rred.o(i.__ieee754_rem_pio2) refers to dmul.o(.text) for __aeabi_dmul
    rred.o(i.__ieee754_rem_pio2) refers to dfixi.o(.text) for __aeabi_d2iz
    rred.o(i.__ieee754_rem_pio2) refers to dflti.o(.text) for __aeabi_i2d
    rred.o(i.__ieee754_rem_pio2) refers to rred.o(i.__ARM_common_ll_muluu) for __ARM_common_ll_muluu
    rred.o(i.__ieee754_rem_pio2) refers to dfltui.o(.text) for __aeabi_ui2d
    rred.o(i.__ieee754_rem_pio2) refers to dscalb.o(.text) for __ARM_scalbn
    rred.o(i.__ieee754_rem_pio2) refers to rred.o(.constdata) for .constdata
    rred.o(i.__use_accurate_range_reduction) refers (Special) to iusefp.o(.text) for __I$use$fp
    rred.o(.constdata) refers (Special) to iusefp.o(.text) for __I$use$fp
    tan_i.o(i.__kernel_tan) refers (Special) to iusefp.o(.text) for __I$use$fp
    tan_i.o(i.__kernel_tan) refers to dfixi.o(.text) for __aeabi_d2iz
    tan_i.o(i.__kernel_tan) refers to dadd.o(.text) for __aeabi_drsub
    tan_i.o(i.__kernel_tan) refers to dmul.o(.text) for __aeabi_dmul
    tan_i.o(i.__kernel_tan) refers to poly.o(i.__kernel_poly) for __kernel_poly
    tan_i.o(i.__kernel_tan) refers to dflti.o(.text) for __aeabi_i2d
    tan_i.o(i.__kernel_tan) refers to ddiv.o(.text) for __aeabi_ddiv
    tan_i.o(i.__kernel_tan) refers to dscalb.o(.text) for __ARM_scalbn
    tan_i.o(i.__kernel_tan) refers to fpclassify.o(i.__ARM_fpclassify) for __ARM_fpclassify
    tan_i.o(i.__kernel_tan) refers to dunder.o(i.__mathlib_dbl_underflow) for __mathlib_dbl_underflow
    tan_i.o(i.__kernel_tan) refers to tan_i.o(.constdata) for .constdata
    tan_i.o(.constdata) refers (Special) to iusefp.o(.text) for __I$use$fp
    tan_i_x.o(i.____kernel_tan$lsc) refers (Special) to iusefp.o(.text) for __I$use$fp
    tan_i_x.o(i.____kernel_tan$lsc) refers to dfixi.o(.text) for __aeabi_d2iz
    tan_i_x.o(i.____kernel_tan$lsc) refers to dadd.o(.text) for __aeabi_drsub
    tan_i_x.o(i.____kernel_tan$lsc) refers to dmul.o(.text) for __aeabi_dmul
    tan_i_x.o(i.____kernel_tan$lsc) refers to poly.o(i.__kernel_poly) for __kernel_poly
    tan_i_x.o(i.____kernel_tan$lsc) refers to dflti.o(.text) for __aeabi_i2d
    tan_i_x.o(i.____kernel_tan$lsc) refers to ddiv.o(.text) for __aeabi_ddiv
    tan_i_x.o(i.____kernel_tan$lsc) refers to dscalb.o(.text) for __ARM_scalbn
    tan_i_x.o(i.____kernel_tan$lsc) refers to tan_i_x.o(.constdata) for .constdata
    tan_i_x.o(.constdata) refers (Special) to iusefp.o(.text) for __I$use$fp
    entry2.o(.ARM.Collect$$$$00000001) refers to entry2.o(.ARM.Collect$$$$00002712) for __lit__00000000
    entry2.o(.ARM.Collect$$$$00002712) refers to startup_stm32f031.o(STACK) for __initial_sp
    entry2.o(__vectab_stack_and_reset_area) refers to startup_stm32f031.o(STACK) for __initial_sp
    entry2.o(__vectab_stack_and_reset_area) refers to entry.o(.ARM.Collect$$$$00000000) for __main
    entry5.o(.ARM.Collect$$$$00000004) refers to init.o(.text) for __scatterload
    entry9a.o(.ARM.Collect$$$$0000000B) refers to main.o(i.main) for main
    entry9b.o(.ARM.Collect$$$$0000000C) refers to main.o(i.main) for main
    uldiv.o(.text) refers to llushr.o(.text) for __aeabi_llsr
    uldiv.o(.text) refers to llshl.o(.text) for __aeabi_llsl
    errno.o(i.__aeabi_errno_addr) refers to errno.o(.data) for .data
    errno.o(i.__read_errno) refers to errno.o(.data) for .data
    errno.o(i.__set_errno) refers to errno.o(.data) for .data
    depilogue.o(.text) refers to depilogue.o(i.__ARM_clz) for __ARM_clz
    depilogue.o(.text) refers to llshl.o(.text) for __aeabi_llsl
    depilogue.o(.text) refers to llushr.o(.text) for __aeabi_llsr
    dfixul.o(.text) refers to llushr.o(.text) for __aeabi_llsr
    dfixul.o(.text) refers to llshl.o(.text) for __aeabi_llsl
    fpclassify.o(i.__ARM_fpclassify) refers (Special) to iusefp.o(.text) for __I$use$fp
    poly.o(i.__kernel_poly) refers (Special) to iusefp.o(.text) for __I$use$fp
    poly.o(i.__kernel_poly) refers to dmul.o(.text) for __aeabi_dmul
    poly.o(i.__kernel_poly) refers to dadd.o(.text) for __aeabi_dadd
    init.o(.text) refers to entry5.o(.ARM.Collect$$$$00000004) for __main_after_scatterload
    rred.o(i.__ARM_common_ll_muluu) refers (Special) to iusefp.o(.text) for __I$use$fp


==============================================================================

Removing Unused input sections from the image.

    Removing app_led.o(i.led_breathing_light), (2 bytes).
    Removing app_max7456.o(i.max7456_clear), (2 bytes).
    Removing app_max7456.o(i.max7456_dma_send), (16 bytes).
    Removing app_max7456.o(i.max7456_draw_airspeed), (60 bytes).
    Removing app_max7456.o(i.max7456_draw_altitude), (56 bytes).
    Removing app_max7456.o(i.max7456_draw_assert), (26 bytes).
    Removing app_max7456.o(i.max7456_draw_char), (20 bytes).
    Removing app_max7456.o(i.max7456_draw_char_xy), (20 bytes).
    Removing app_max7456.o(i.max7456_draw_compass), (136 bytes).
    Removing app_max7456.o(i.max7456_draw_flytime), (124 bytes).
    Removing app_max7456.o(i.max7456_draw_gndspeed), (60 bytes).
    Removing app_max7456.o(i.max7456_draw_gps), (56 bytes).
    Removing app_max7456.o(i.max7456_draw_osd), (156 bytes).
    Removing app_max7456.o(i.max7456_draw_pitch), (80 bytes).
    Removing app_max7456.o(i.max7456_draw_power), (88 bytes).
    Removing app_max7456.o(i.max7456_draw_radar), (472 bytes).
    Removing app_max7456.o(i.max7456_draw_radar2), (1128 bytes).
    Removing app_max7456.o(i.max7456_draw_radar_heading), (120 bytes).
    Removing app_max7456.o(i.max7456_draw_roll), (80 bytes).
    Removing app_max7456.o(i.max7456_draw_rtbagl), (176 bytes).
    Removing app_max7456.o(i.max7456_draw_skyline), (580 bytes).
    Removing app_max7456.o(i.max7456_draw_string_xy), (40 bytes).
    Removing app_max7456.o(i.max7456_learn_char), (76 bytes).
    Removing app_max7456.o(i.max7456_learn_fonts), (56 bytes).
    Removing app_max7456.o(i.max7456_learn_logo), (2 bytes).
    Removing app_max7456.o(i.max7456_reset), (2 bytes).
    Removing app_max7456.o(i.max7456_send_data), (196 bytes).
    Removing app_max7456.o(i.max7456_spi_send), (56 bytes).
    Removing app_max7456.o(.constdata), (16384 bytes).
    Removing app_max7456.o(.data), (92 bytes).
    Removing app_debug.o(i.max7456_debug_write_frame), (96 bytes).
    Removing lib_kalman.o(i.kalman), (2 bytes).
    Removing lib_math.o(i.clamp), (56 bytes).
    Removing lib_math.o(i.clampint32_t), (22 bytes).
    Removing lib_math.o(i.clamplast), (54 bytes).
    Removing lib_math.o(i.clamplastf), (96 bytes).
    Removing lib_math.o(i.exptr), (36 bytes).
    Removing lib_math.o(i.filterg1), (168 bytes).
    Removing lib_math.o(i.filterg2), (278 bytes).
    Removing lib_math.o(i.linearArray), (126 bytes).
    Removing lib_math.o(i.linear_xy), (230 bytes).
    Removing lib_math.o(i.my_ftoa), (216 bytes).
    Removing lib_math.o(i.my_itoa), (136 bytes).
    Removing lib_math.o(i.myabs), (14 bytes).
    Removing lib_math.o(i.myarcsin), (140 bytes).
    Removing lib_math.o(i.myarctan), (80 bytes).
    Removing lib_math.o(i.myarctan90), (52 bytes).
    Removing lib_math.o(i.myatan2), (144 bytes).
    Removing lib_math.o(i.mycos), (272 bytes).
    Removing lib_math.o(i.myfabs), (36 bytes).
    Removing lib_math.o(i.mysin), (272 bytes).
    Removing lib_math.o(i.mysqrt), (172 bytes).
    Removing lib_math.o(i.mysqrterr), (156 bytes).
    Removing lib_math.o(i.mytan), (164 bytes).
    Removing lib_math.o(i.pow10), (18 bytes).
    Removing lib_math.o(.constdata), (3640 bytes).
    Removing sys_printf.o(i._sys_exit), (4 bytes).
    Removing drv_common.o(.rev16_text), (4 bytes).
    Removing drv_common.o(.revsh_text), (4 bytes).
    Removing drv_clock.o(.rev16_text), (4 bytes).
    Removing drv_clock.o(.revsh_text), (4 bytes).
    Removing drv_clock.o(i.drv_clock_init), (200 bytes).
    Removing drv_clock.o(i.drv_clock_outside), (216 bytes).
    Removing drv_clock.o(.data), (4 bytes).
    Removing drv_systick.o(.rev16_text), (4 bytes).
    Removing drv_systick.o(.revsh_text), (4 bytes).
    Removing drv_timers.o(.rev16_text), (4 bytes).
    Removing drv_timers.o(.revsh_text), (4 bytes).
    Removing drv_spi_hardware.o(.rev16_text), (4 bytes).
    Removing drv_spi_hardware.o(.revsh_text), (4 bytes).
    Removing drv_spi_hardware.o(i.drv_spi1_hardware_setspeed), (48 bytes).
    Removing drv_usart_hardware.o(.rev16_text), (4 bytes).
    Removing drv_usart_hardware.o(.revsh_text), (4 bytes).
    Removing drv_usart_hardware.o(i.drv_usart1_hardware_read), (2 bytes).
    Removing drv_max7456.o(.rev16_text), (4 bytes).
    Removing drv_max7456.o(.revsh_text), (4 bytes).
    Removing drv_led.o(.rev16_text), (4 bytes).
    Removing drv_led.o(.revsh_text), (4 bytes).
    Removing startup_stm32f031.o(HEAP), (512 bytes).
    Removing fadd.o(.text), (178 bytes).
    Removing dflti.o(.text), (40 bytes).
    Removing dfltui.o(.text), (28 bytes).
    Removing dfixi.o(.text), (72 bytes).
    Removing dfixui.o(.text), (60 bytes).
    Removing f2d.o(.text), (40 bytes).
    Removing cdcmple.o(.text), (40 bytes).
    Removing fepilogue.o(.text), (130 bytes).
    Removing dscalb.o(.text), (44 bytes).

88 unused section(s) (total 28720 bytes) removed from the image.

==============================================================================

Image Symbol Table

    Local Symbols

    Symbol Name                              Value     Ov Type        Size  Object(Section)

    ../clib/microlib/division.c              0x00000000   Number         0  idiv.o ABSOLUTE
    ../clib/microlib/division.c              0x00000000   Number         0  uidiv.o ABSOLUTE
    ../clib/microlib/division.c              0x00000000   Number         0  uldiv.o ABSOLUTE
    ../clib/microlib/errno.c                 0x00000000   Number         0  errno.o ABSOLUTE
    ../clib/microlib/init/entry.s            0x00000000   Number         0  entry5.o ABSOLUTE
    ../clib/microlib/init/entry.s            0x00000000   Number         0  entry.o ABSOLUTE
    ../clib/microlib/init/entry.s            0x00000000   Number         0  entry7a.o ABSOLUTE
    ../clib/microlib/init/entry.s            0x00000000   Number         0  entry7b.o ABSOLUTE
    ../clib/microlib/init/entry.s            0x00000000   Number         0  entry11b.o ABSOLUTE
    ../clib/microlib/init/entry.s            0x00000000   Number         0  entry8a.o ABSOLUTE
    ../clib/microlib/init/entry.s            0x00000000   Number         0  entry8b.o ABSOLUTE
    ../clib/microlib/init/entry.s            0x00000000   Number         0  entry2.o ABSOLUTE
    ../clib/microlib/init/entry.s            0x00000000   Number         0  entry9a.o ABSOLUTE
    ../clib/microlib/init/entry.s            0x00000000   Number         0  entry9b.o ABSOLUTE
    ../clib/microlib/init/entry.s            0x00000000   Number         0  entry10a.o ABSOLUTE
    ../clib/microlib/init/entry.s            0x00000000   Number         0  entry10b.o ABSOLUTE
    ../clib/microlib/init/entry.s            0x00000000   Number         0  entry11a.o ABSOLUTE
    ../clib/microlib/longlong.c              0x00000000   Number         0  llsshr.o ABSOLUTE
    ../clib/microlib/longlong.c              0x00000000   Number         0  llushr.o ABSOLUTE
    ../clib/microlib/longlong.c              0x00000000   Number         0  llshl.o ABSOLUTE
    ../clib/microlib/printf/printf.c         0x00000000   Number         0  printfb.o ABSOLUTE
    ../clib/microlib/printf/printf.c         0x00000000   Number         0  printf0.o ABSOLUTE
    ../clib/microlib/printf/printf.c         0x00000000   Number         0  printf1.o ABSOLUTE
    ../clib/microlib/printf/printf.c         0x00000000   Number         0  printf3.o ABSOLUTE
    ../clib/microlib/printf/printf.c         0x00000000   Number         0  printf5.o ABSOLUTE
    ../clib/microlib/printf/printf.c         0x00000000   Number         0  printf2.o ABSOLUTE
    ../clib/microlib/printf/printf.c         0x00000000   Number         0  printf4.o ABSOLUTE
    ../clib/microlib/printf/printf.c         0x00000000   Number         0  printf6.o ABSOLUTE
    ../clib/microlib/printf/printf.c         0x00000000   Number         0  printf7.o ABSOLUTE
    ../clib/microlib/printf/printf.c         0x00000000   Number         0  printf8.o ABSOLUTE
    ../clib/microlib/printf/printf.c         0x00000000   Number         0  printfa.o ABSOLUTE
    ../clib/microlib/printf/stubs.s          0x00000000   Number         0  stubs.o ABSOLUTE
    ../clib/microlib/string/memcpy.c         0x00000000   Number         0  memcpyb.o ABSOLUTE
    ../clib/microlib/string/memcpy.c         0x00000000   Number         0  memcpya.o ABSOLUTE
    ../clib/microlib/string/memset.c         0x00000000   Number         0  memseta.o ABSOLUTE
    ../clib/microlib/string/strcat.c         0x00000000   Number         0  strcat.o ABSOLUTE
    ../clib/microlib/string/strcpy.c         0x00000000   Number         0  strcpy.o ABSOLUTE
    ../clib/microlib/string/strlen.c         0x00000000   Number         0  strlen.o ABSOLUTE
    ../clib/microlib/stubs.s                 0x00000000   Number         0  iusefp.o ABSOLUTE
    ../clib/microlib/stubs.s                 0x00000000   Number         0  useno.o ABSOLUTE
    ../fplib/microlib/f2d.c                  0x00000000   Number         0  f2d.o ABSOLUTE
    ../fplib/microlib/fpadd.c                0x00000000   Number         0  fadd.o ABSOLUTE
    ../fplib/microlib/fpadd.c                0x00000000   Number         0  dadd.o ABSOLUTE
    ../fplib/microlib/fpdiv.c                0x00000000   Number         0  ddiv.o ABSOLUTE
    ../fplib/microlib/fpepilogue.c           0x00000000   Number         0  depilogue.o ABSOLUTE
    ../fplib/microlib/fpepilogue.c           0x00000000   Number         0  fepilogue.o ABSOLUTE
    ../fplib/microlib/fpfix.c                0x00000000   Number         0  dfixul.o ABSOLUTE
    ../fplib/microlib/fpfix.c                0x00000000   Number         0  dfixui.o ABSOLUTE
    ../fplib/microlib/fpfix.c                0x00000000   Number         0  dfixi.o ABSOLUTE
    ../fplib/microlib/fpflt.c                0x00000000   Number         0  dfltui.o ABSOLUTE
    ../fplib/microlib/fpflt.c                0x00000000   Number         0  dflti.o ABSOLUTE
    ../fplib/microlib/fpmul.c                0x00000000   Number         0  dmul.o ABSOLUTE
    ../fplib/microlib/fpscalb.c              0x00000000   Number         0  dscalb.o ABSOLUTE
    ../mathlib/dunder.c                      0x00000000   Number         0  dunder.o ABSOLUTE
    ../mathlib/fpclassify.c                  0x00000000   Number         0  fpclassify.o ABSOLUTE
    ../mathlib/poly.c                        0x00000000   Number         0  poly.o ABSOLUTE
    ../mathlib/rred.c                        0x00000000   Number         0  rred.o ABSOLUTE
    ../mathlib/tan.c                         0x00000000   Number         0  tan.o ABSOLUTE
    ../mathlib/tan.c                         0x00000000   Number         0  tan_x.o ABSOLUTE
    ../mathlib/tan_i.c                       0x00000000   Number         0  tan_i_x.o ABSOLUTE
    ../mathlib/tan_i.c                       0x00000000   Number         0  tan_i.o ABSOLUTE
    ..\..\bsp\startup\arm\startup_stm32f031.s 0x00000000   Number         0  startup_stm32f031.o ABSOLUTE
    ..\..\drivers\common\drv_clock.c         0x00000000   Number         0  drv_clock.o ABSOLUTE
    ..\..\drivers\common\drv_common.c        0x00000000   Number         0  drv_common.o ABSOLUTE
    ..\..\drivers\common\drv_spi_hardware.c  0x00000000   Number         0  drv_spi_hardware.o ABSOLUTE
    ..\..\drivers\common\drv_systick.c       0x00000000   Number         0  drv_systick.o ABSOLUTE
    ..\..\drivers\common\drv_timers.c        0x00000000   Number         0  drv_timers.o ABSOLUTE
    ..\..\drivers\common\drv_usart_hardware.c 0x00000000   Number         0  drv_usart_hardware.o ABSOLUTE
    ..\..\drivers\drv_led.c                  0x00000000   Number         0  drv_led.o ABSOLUTE
    ..\..\drivers\drv_max7456.c              0x00000000   Number         0  drv_max7456.o ABSOLUTE
    ..\..\libs\lib_kalman.c                  0x00000000   Number         0  lib_kalman.o ABSOLUTE
    ..\..\libs\lib_math.c                    0x00000000   Number         0  lib_math.o ABSOLUTE
    ..\..\system\sys.c                       0x00000000   Number         0  sys.o ABSOLUTE
    ..\..\system\sys_api.c                   0x00000000   Number         0  sys_api.o ABSOLUTE
    ..\..\system\sys_clock.c                 0x00000000   Number         0  sys_clock.o ABSOLUTE
    ..\..\system\sys_delay.c                 0x00000000   Number         0  sys_delay.o ABSOLUTE
    ..\..\system\sys_printf.c                0x00000000   Number         0  sys_printf.o ABSOLUTE
    ..\..\system\sys_protocol.c              0x00000000   Number         0  sys_protocol.o ABSOLUTE
    ..\..\user\app_debug.c                   0x00000000   Number         0  app_debug.o ABSOLUTE
    ..\..\user\app_led.c                     0x00000000   Number         0  app_led.o ABSOLUTE
    ..\..\user\app_max7456.c                 0x00000000   Number         0  app_max7456.o ABSOLUTE
    ..\..\user\app_speedgroup.c              0x00000000   Number         0  app_speedgroup.o ABSOLUTE
    ..\..\user\main.c                        0x00000000   Number         0  main.o ABSOLUTE
    ..\\..\\drivers\\common\\drv_clock.c     0x00000000   Number         0  drv_clock.o ABSOLUTE
    ..\\..\\drivers\\common\\drv_common.c    0x00000000   Number         0  drv_common.o ABSOLUTE
    ..\\..\\drivers\\common\\drv_spi_hardware.c 0x00000000   Number         0  drv_spi_hardware.o ABSOLUTE
    ..\\..\\drivers\\common\\drv_systick.c   0x00000000   Number         0  drv_systick.o ABSOLUTE
    ..\\..\\drivers\\common\\drv_timers.c    0x00000000   Number         0  drv_timers.o ABSOLUTE
    ..\\..\\drivers\\common\\drv_usart_hardware.c 0x00000000   Number         0  drv_usart_hardware.o ABSOLUTE
    ..\\..\\drivers\\drv_led.c               0x00000000   Number         0  drv_led.o ABSOLUTE
    ..\\..\\drivers\\drv_max7456.c           0x00000000   Number         0  drv_max7456.o ABSOLUTE
    cdcmple.s                                0x00000000   Number         0  cdcmple.o ABSOLUTE
    cdrcmple.s                               0x00000000   Number         0  cdrcmple.o ABSOLUTE
    dc.s                                     0x00000000   Number         0  dc.o ABSOLUTE
    handlers.s                               0x00000000   Number         0  handlers.o ABSOLUTE
    init.s                                   0x00000000   Number         0  init.o ABSOLUTE
    RESET                                    0x08000000   Section      176  startup_stm32f031.o(RESET)
    .ARM.Collect$$$$00000000                 0x080000b0   Section        0  entry.o(.ARM.Collect$$$$00000000)
    .ARM.Collect$$$$00000001                 0x080000b0   Section        4  entry2.o(.ARM.Collect$$$$00000001)
    .ARM.Collect$$$$00000004                 0x080000b4   Section        4  entry5.o(.ARM.Collect$$$$00000004)
    .ARM.Collect$$$$00000008                 0x080000b8   Section        0  entry7b.o(.ARM.Collect$$$$00000008)
    .ARM.Collect$$$$0000000A                 0x080000b8   Section        0  entry8b.o(.ARM.Collect$$$$0000000A)
    .ARM.Collect$$$$0000000B                 0x080000b8   Section        8  entry9a.o(.ARM.Collect$$$$0000000B)
    .ARM.Collect$$$$0000000D                 0x080000c0   Section        0  entry10a.o(.ARM.Collect$$$$0000000D)
    .ARM.Collect$$$$0000000F                 0x080000c0   Section        0  entry11a.o(.ARM.Collect$$$$0000000F)
    .ARM.Collect$$$$00002712                 0x080000c0   Section        4  entry2.o(.ARM.Collect$$$$00002712)
    __lit__00000000                          0x080000c0   Data           4  entry2.o(.ARM.Collect$$$$00002712)
    .text                                    0x080000c4   Section       88  startup_stm32f031.o(.text)
    .text                                    0x0800011c   Section        0  uidiv.o(.text)
    .text                                    0x08000148   Section        0  idiv.o(.text)
    .text                                    0x08000170   Section        0  memcpya.o(.text)
    .text                                    0x08000194   Section        0  dadd.o(.text)
    .text                                    0x080002f8   Section        0  dmul.o(.text)
    .text                                    0x080003c8   Section        0  ddiv.o(.text)
    .text                                    0x080004b8   Section       40  cdrcmple.o(.text)
    .text                                    0x080004e0   Section        0  uldiv.o(.text)
    .text                                    0x08000540   Section        0  llshl.o(.text)
    .text                                    0x08000560   Section        0  llushr.o(.text)
    .text                                    0x08000582   Section        0  llsshr.o(.text)
    .text                                    0x080005a8   Section        0  iusefp.o(.text)
    .text                                    0x080005a8   Section        0  depilogue.o(.text)
    .text                                    0x08000668   Section        0  dfixul.o(.text)
    .text                                    0x080006a8   Section       36  init.o(.text)
    i.SetSysClock                            0x080006cc   Section        0  drv_clock.o(i.SetSysClock)
    SetSysClock                              0x080006cd   Thumb Code   206  drv_clock.o(i.SetSysClock)
    i.SysTick_Handler                        0x080007a4   Section        0  drv_systick.o(i.SysTick_Handler)
    i.SystemInit                             0x080007a8   Section        0  drv_clock.o(i.SystemInit)
    i.TIM2_IRQHandler                        0x08000824   Section        0  drv_timers.o(i.TIM2_IRQHandler)
    i.USART1_IRQHandler                      0x080008c0   Section        0  drv_usart_hardware.o(i.USART1_IRQHandler)
    i.__0printf                              0x08000954   Section        0  printfa.o(i.__0printf)
    i.__ARM_clz                              0x08000974   Section        0  depilogue.o(i.__ARM_clz)
    i.__scatterload_copy                     0x080009a2   Section       14  handlers.o(i.__scatterload_copy)
    i.__scatterload_null                     0x080009b0   Section        2  handlers.o(i.__scatterload_null)
    i.__scatterload_zeroinit                 0x080009b2   Section       14  handlers.o(i.__scatterload_zeroinit)
    i._fp_digits                             0x080009c0   Section        0  printfa.o(i._fp_digits)
    _fp_digits                               0x080009c1   Thumb Code   344  printfa.o(i._fp_digits)
    i._printf_core                           0x08000b34   Section        0  printfa.o(i._printf_core)
    _printf_core                             0x08000b35   Thumb Code  1754  printfa.o(i._printf_core)
    i._printf_post_padding                   0x08001220   Section        0  printfa.o(i._printf_post_padding)
    _printf_post_padding                     0x08001221   Thumb Code    32  printfa.o(i._printf_post_padding)
    i._printf_pre_padding                    0x08001240   Section        0  printfa.o(i._printf_pre_padding)
    _printf_pre_padding                      0x08001241   Thumb Code    44  printfa.o(i._printf_pre_padding)
    i.app_init                               0x0800126c   Section        0  main.o(i.app_init)
    i.drv_clock_inside                       0x08001274   Section        0  drv_clock.o(i.drv_clock_inside)
    i.drv_irq_usart1_disable                 0x080012fc   Section        0  drv_usart_hardware.o(i.drv_irq_usart1_disable)
    i.drv_irq_usart1_enable                  0x0800131c   Section        0  drv_usart_hardware.o(i.drv_irq_usart1_enable)
    i.drv_led_init                           0x0800133c   Section        0  drv_led.o(i.drv_led_init)
    i.drv_led_read                           0x080013c4   Section        0  drv_led.o(i.drv_led_read)
    i.drv_led_write                          0x080013fa   Section        0  drv_led.o(i.drv_led_write)
    i.drv_max7456_connect                    0x08001460   Section        0  drv_max7456.o(i.drv_max7456_connect)
    i.drv_max7456_disconnect                 0x08001472   Section        0  drv_max7456.o(i.drv_max7456_disconnect)
    i.drv_max7456_init                       0x08001488   Section        0  drv_max7456.o(i.drv_max7456_init)
    i.drv_max7456_read                       0x08001514   Section        0  drv_max7456.o(i.drv_max7456_read)
    i.drv_max7456_write                      0x0800152a   Section        0  drv_max7456.o(i.drv_max7456_write)
    i.drv_nvic_init                          0x08001540   Section        0  drv_common.o(i.drv_nvic_init)
    i.drv_spi1_hardware_init                 0x080015a4   Section        0  drv_spi_hardware.o(i.drv_spi1_hardware_init)
    i.drv_spi1_hardware_read                 0x08001658   Section        0  drv_spi_hardware.o(i.drv_spi1_hardware_read)
    i.drv_spi1_hardware_write                0x080016a8   Section        0  drv_spi_hardware.o(i.drv_spi1_hardware_write)
    i.drv_systick_delay_ms                   0x080016f8   Section        0  drv_systick.o(i.drv_systick_delay_ms)
    i.drv_systick_delay_us                   0x08001748   Section        0  drv_systick.o(i.drv_systick_delay_us)
    i.drv_systick_init                       0x08001798   Section        0  drv_systick.o(i.drv_systick_init)
    i.drv_timer2_init                        0x080017c8   Section        0  drv_timers.o(i.drv_timer2_init)
    i.drv_usart1_hardware_init               0x08001834   Section        0  drv_usart_hardware.o(i.drv_usart1_hardware_init)
    i.drv_usart1_hardware_write              0x08001968   Section        0  drv_usart_hardware.o(i.drv_usart1_hardware_write)
    i.fputc                                  0x08001978   Section        0  sys_printf.o(i.fputc)
    i.led_off                                0x08001a1c   Section        0  app_led.o(i.led_off)
    i.led_on                                 0x08001a30   Section        0  app_led.o(i.led_on)
    i.led_reverse                            0x08001a44   Section        0  app_led.o(i.led_reverse)
    i.led_status                             0x08001a64   Section        0  app_led.o(i.led_status)
    i.main                                   0x08001a78   Section        0  main.o(i.main)
    i.max7456_debug                          0x08001a88   Section        0  app_debug.o(i.max7456_debug)
    i.max7456_debug_read_frame               0x08001a90   Section        0  app_debug.o(i.max7456_debug_read_frame)
    i.max7456_draw_allchar                   0x08001b20   Section        0  app_max7456.o(i.max7456_draw_allchar)
    i.max7456_getdata                        0x08001c28   Section        0  app_max7456.o(i.max7456_getdata)
    i.max7456_init                           0x08001c4c   Section        0  app_max7456.o(i.max7456_init)
    i.max7456_offset                         0x08001ce8   Section        0  app_max7456.o(i.max7456_offset)
    i.max7456_read_reg                       0x08001d0c   Section        0  app_max7456.o(i.max7456_read_reg)
    i.max7456_write_char                     0x08001d60   Section        0  app_max7456.o(i.max7456_write_char)
    i.max7456_write_char_xy                  0x08001d9c   Section        0  app_max7456.o(i.max7456_write_char_xy)
    i.max7456_write_reg                      0x08001db4   Section        0  app_max7456.o(i.max7456_write_reg)
    i.spi_receivedata8                       0x08001de4   Section        0  drv_spi_hardware.o(i.spi_receivedata8)
    spi_receivedata8                         0x08001de5   Thumb Code    12  drv_spi_hardware.o(i.spi_receivedata8)
    i.spi_senddata8                          0x08001df0   Section        0  drv_spi_hardware.o(i.spi_senddata8)
    spi_senddata8                            0x08001df1   Thumb Code    10  drv_spi_hardware.o(i.spi_senddata8)
    i.start_task                             0x08001dfc   Section        0  app_speedgroup.o(i.start_task)
    i.sys_api_init                           0x08001e54   Section        0  sys_api.o(i.sys_api_init)
    i.sys_clock_init                         0x08001ee4   Section        0  sys_clock.o(i.sys_clock_init)
    i.sys_delay_init                         0x08001eec   Section        0  sys_delay.o(i.sys_delay_init)
    i.sys_delay_ms                           0x08001ef4   Section        0  sys_delay.o(i.sys_delay_ms)
    i.sys_delay_us                           0x08001f00   Section        0  sys_delay.o(i.sys_delay_us)
    i.sys_frame_pack                         0x08001f0c   Section        0  sys_protocol.o(i.sys_frame_pack)
    i.sys_frame_pack_body                    0x08001f24   Section        0  sys_protocol.o(i.sys_frame_pack_body)
    i.sys_frame_pack_head                    0x08001f78   Section        0  sys_protocol.o(i.sys_frame_pack_head)
    i.sys_frame_parse                        0x08001f8c   Section        0  sys_protocol.o(i.sys_frame_parse)
    i.sys_frame_parse_head                   0x08001fac   Section        0  sys_protocol.o(i.sys_frame_parse_head)
    sys_frame_parse_head                     0x08001fad   Thumb Code   142  sys_protocol.o(i.sys_frame_parse_head)
    i.sys_frame_pasre_body                   0x08002044   Section        0  sys_protocol.o(i.sys_frame_pasre_body)
    sys_frame_pasre_body                     0x08002045   Thumb Code   230  sys_protocol.o(i.sys_frame_pasre_body)
    i.sys_frame_read                         0x0800214c   Section        0  sys_protocol.o(i.sys_frame_read)
    i.sys_frame_write                        0x08002194   Section        0  sys_protocol.o(i.sys_frame_write)
    i.sys_init                               0x080021aa   Section        0  sys.o(i.sys_init)
    i.task_debug                             0x080021ce   Section        0  app_debug.o(i.task_debug)
    i.task_led                               0x080021d8   Section        0  app_led.o(i.task_led)
    i.task_max7456_draw_osd                  0x080021f0   Section        0  app_max7456.o(i.task_max7456_draw_osd)
    i.task_null                              0x080021f8   Section        0  sys.o(i.task_null)
    .conststring                             0x080021fc   Section      231  app_debug.o(.conststring)
    .data                                    0x20000000   Section      120  app_speedgroup.o(.data)
    .data                                    0x20000078   Section        4  app_led.o(.data)
    .data                                    0x2000007c   Section        1  app_debug.o(.data)
    start_cnt                                0x2000007c   Data           1  app_debug.o(.data)
    .data                                    0x20000080   Section        9  sys.o(.data)
    .data                                    0x2000008c   Section       60  sys_api.o(.data)
    .data                                    0x200000c8   Section        8  sys_printf.o(.data)
    firstone                                 0x200000cc   Data           4  sys_printf.o(.data)
    .data                                    0x200000d0   Section       10  sys_protocol.o(.data)
    .data                                    0x200000da   Section        4  drv_systick.o(.data)
    fac_us                                   0x200000da   Data           1  drv_systick.o(.data)
    fac_ms                                   0x200000dc   Data           2  drv_systick.o(.data)
    .data                                    0x200000e0   Section       12  drv_usart_hardware.o(.data)
    .bss                                     0x200000ec   Section     1314  app_max7456.o(.bss)
    .bss                                     0x2000060e   Section      100  sys_protocol.o(.bss)
    .bss                                     0x20000672   Section      405  drv_usart_hardware.o(.bss)
    STACK                                    0x20000808   Section     1024  startup_stm32f031.o(STACK)

    Global Symbols

    Symbol Name                              Value     Ov Type        Size  Object(Section)

    BuildAttributes$$THM_ISAv3M$S$PE$A:L22$X:L11$S22$IEEE1$IW$USESV6$~STKCKD$USESV7$~SHL$OTIME$ROPI$IEEEX$EBA8$MICROLIB$REQ8$PRES8$EABIv2 0x00000000   Number         0  anon$$obj.o ABSOLUTE
    __ARM_use_no_argv                        0x00000000   Number         0  main.o ABSOLUTE
    __use_no_errno                           0x00000000   Number         0  useno.o ABSOLUTE
    __use_no_exception_handling              0x00000000   Number         0  useno.o ABSOLUTE
    __use_no_fp                              0x00000000   Number         0  useno.o ABSOLUTE
    __use_no_heap                            0x00000000   Number         0  useno.o ABSOLUTE
    __use_no_heap_region                     0x00000000   Number         0  useno.o ABSOLUTE
    __use_no_semihosting                     0x00000000   Number         0  useno.o ABSOLUTE
    __use_no_semihosting_swi                 0x00000000   Number         0  useno.o ABSOLUTE
    __use_no_signal_handling                 0x00000000   Number         0  useno.o ABSOLUTE
    _printf_a                                0x00000000   Number         0  stubs.o ABSOLUTE
    _printf_c                                0x00000000   Number         0  stubs.o ABSOLUTE
    _printf_charcount                        0x00000000   Number         0  stubs.o ABSOLUTE
    _printf_d                                0x00000000   Number         0  stubs.o ABSOLUTE
    _printf_e                                0x00000000   Number         0  stubs.o ABSOLUTE
    _printf_f                                0x00000000   Number         0  stubs.o ABSOLUTE
    _printf_flags                            0x00000000   Number         0  stubs.o ABSOLUTE
    _printf_fp_dec                           0x00000000   Number         0  stubs.o ABSOLUTE
    _printf_fp_hex                           0x00000000   Number         0  stubs.o ABSOLUTE
    _printf_g                                0x00000000   Number         0  stubs.o ABSOLUTE
    _printf_i                                0x00000000   Number         0  stubs.o ABSOLUTE
    _printf_int_dec                          0x00000000   Number         0  stubs.o ABSOLUTE
    _printf_l                                0x00000000   Number         0  stubs.o ABSOLUTE
    _printf_lc                               0x00000000   Number         0  stubs.o ABSOLUTE
    _printf_ll                               0x00000000   Number         0  stubs.o ABSOLUTE
    _printf_lld                              0x00000000   Number         0  stubs.o ABSOLUTE
    _printf_lli                              0x00000000   Number         0  stubs.o ABSOLUTE
    _printf_llo                              0x00000000   Number         0  stubs.o ABSOLUTE
    _printf_llu                              0x00000000   Number         0  stubs.o ABSOLUTE
    _printf_llx                              0x00000000   Number         0  stubs.o ABSOLUTE
    _printf_longlong_dec                     0x00000000   Number         0  stubs.o ABSOLUTE
    _printf_longlong_hex                     0x00000000   Number         0  stubs.o ABSOLUTE
    _printf_longlong_oct                     0x00000000   Number         0  stubs.o ABSOLUTE
    _printf_ls                               0x00000000   Number         0  stubs.o ABSOLUTE
    _printf_mbtowc                           0x00000000   Number         0  stubs.o ABSOLUTE
    _printf_n                                0x00000000   Number         0  stubs.o ABSOLUTE
    _printf_o                                0x00000000   Number         0  stubs.o ABSOLUTE
    _printf_p                                0x00000000   Number         0  stubs.o ABSOLUTE
    _printf_percent                          0x00000000   Number         0  stubs.o ABSOLUTE
    _printf_pre_padding                      0x00000000   Number         0  stubs.o ABSOLUTE
    _printf_return_value                     0x00000000   Number         0  stubs.o ABSOLUTE
    _printf_s                                0x00000000   Number         0  stubs.o ABSOLUTE
    _printf_sizespec                         0x00000000   Number         0  stubs.o ABSOLUTE
    _printf_str                              0x00000000   Number         0  stubs.o ABSOLUTE
    _printf_truncate_signed                  0x00000000   Number         0  stubs.o ABSOLUTE
    _printf_truncate_unsigned                0x00000000   Number         0  stubs.o ABSOLUTE
    _printf_u                                0x00000000   Number         0  stubs.o ABSOLUTE
    _printf_wc                               0x00000000   Number         0  stubs.o ABSOLUTE
    _printf_wctomb                           0x00000000   Number         0  stubs.o ABSOLUTE
    _printf_widthprec                        0x00000000   Number         0  stubs.o ABSOLUTE
    _printf_x                                0x00000000   Number         0  stubs.o ABSOLUTE
    __cpp_initialize__aeabi_                  - Undefined Weak Reference
    __cxa_finalize                            - Undefined Weak Reference
    __decompress                              - Undefined Weak Reference
    _clock_init                               - Undefined Weak Reference
    _microlib_exit                            - Undefined Weak Reference
    __Vectors_Size                           0x000000b0   Number         0  startup_stm32f031.o ABSOLUTE
    __Vectors                                0x08000000   Data           4  startup_stm32f031.o(RESET)
    __Vectors_End                            0x080000b0   Data           0  startup_stm32f031.o(RESET)
    __main                                   0x080000b1   Thumb Code     0  entry.o(.ARM.Collect$$$$00000000)
    _main_stk                                0x080000b1   Thumb Code     0  entry2.o(.ARM.Collect$$$$00000001)
    _main_scatterload                        0x080000b5   Thumb Code     0  entry5.o(.ARM.Collect$$$$00000004)
    __main_after_scatterload                 0x080000b9   Thumb Code     0  entry5.o(.ARM.Collect$$$$00000004)
    _main_clock                              0x080000b9   Thumb Code     0  entry7b.o(.ARM.Collect$$$$00000008)
    _main_cpp_init                           0x080000b9   Thumb Code     0  entry8b.o(.ARM.Collect$$$$0000000A)
    _main_init                               0x080000b9   Thumb Code     0  entry9a.o(.ARM.Collect$$$$0000000B)
    __rt_final_cpp                           0x080000c1   Thumb Code     0  entry10a.o(.ARM.Collect$$$$0000000D)
    __rt_final_exit                          0x080000c1   Thumb Code     0  entry11a.o(.ARM.Collect$$$$0000000F)
    Reset_Handler                            0x080000c5   Thumb Code    38  startup_stm32f031.o(.text)
    NMI_Handler                              0x080000eb   Thumb Code     2  startup_stm32f031.o(.text)
    HardFault_Handler                        0x080000ed   Thumb Code     2  startup_stm32f031.o(.text)
    SVC_Handler                              0x080000ef   Thumb Code     2  startup_stm32f031.o(.text)
    PendSV_Handler                           0x080000f1   Thumb Code     2  startup_stm32f031.o(.text)
    ADC1_IRQHandler                          0x080000f5   Thumb Code     0  startup_stm32f031.o(.text)
    DMA1_Channel1_IRQHandler                 0x080000f5   Thumb Code     0  startup_stm32f031.o(.text)
    DMA1_Channel2_3_IRQHandler               0x080000f5   Thumb Code     0  startup_stm32f031.o(.text)
    DMA1_Channel4_5_IRQHandler               0x080000f5   Thumb Code     0  startup_stm32f031.o(.text)
    EXTI0_1_IRQHandler                       0x080000f5   Thumb Code     0  startup_stm32f031.o(.text)
    EXTI2_3_IRQHandler                       0x080000f5   Thumb Code     0  startup_stm32f031.o(.text)
    EXTI4_15_IRQHandler                      0x080000f5   Thumb Code     0  startup_stm32f031.o(.text)
    FLASH_IRQHandler                         0x080000f5   Thumb Code     0  startup_stm32f031.o(.text)
    I2C1_IRQHandler                          0x080000f5   Thumb Code     0  startup_stm32f031.o(.text)
    PVD_IRQHandler                           0x080000f5   Thumb Code     0  startup_stm32f031.o(.text)
    RCC_IRQHandler                           0x080000f5   Thumb Code     0  startup_stm32f031.o(.text)
    RTC_IRQHandler                           0x080000f5   Thumb Code     0  startup_stm32f031.o(.text)
    SPI1_IRQHandler                          0x080000f5   Thumb Code     0  startup_stm32f031.o(.text)
    TIM14_IRQHandler                         0x080000f5   Thumb Code     0  startup_stm32f031.o(.text)
    TIM16_IRQHandler                         0x080000f5   Thumb Code     0  startup_stm32f031.o(.text)
    TIM17_IRQHandler                         0x080000f5   Thumb Code     0  startup_stm32f031.o(.text)
    TIM1_BRK_UP_TRG_COM_IRQHandler           0x080000f5   Thumb Code     0  startup_stm32f031.o(.text)
    TIM1_CC_IRQHandler                       0x080000f5   Thumb Code     0  startup_stm32f031.o(.text)
    TIM3_IRQHandler                          0x080000f5   Thumb Code     0  startup_stm32f031.o(.text)
    WWDG_IRQHandler                          0x080000f5   Thumb Code     0  startup_stm32f031.o(.text)
    __aeabi_uidiv                            0x0800011d   Thumb Code     0  uidiv.o(.text)
    __aeabi_uidivmod                         0x0800011d   Thumb Code    44  uidiv.o(.text)
    __aeabi_idiv                             0x08000149   Thumb Code     0  idiv.o(.text)
    __aeabi_idivmod                          0x08000149   Thumb Code    40  idiv.o(.text)
    __aeabi_memcpy                           0x08000171   Thumb Code    36  memcpya.o(.text)
    __aeabi_memcpy4                          0x08000171   Thumb Code     0  memcpya.o(.text)
    __aeabi_memcpy8                          0x08000171   Thumb Code     0  memcpya.o(.text)
    __aeabi_dadd                             0x08000195   Thumb Code   328  dadd.o(.text)
    __aeabi_dsub                             0x080002dd   Thumb Code    12  dadd.o(.text)
    __aeabi_drsub                            0x080002e9   Thumb Code    12  dadd.o(.text)
    __aeabi_dmul                             0x080002f9   Thumb Code   202  dmul.o(.text)
    __aeabi_ddiv                             0x080003c9   Thumb Code   234  ddiv.o(.text)
    __aeabi_cdrcmple                         0x080004b9   Thumb Code    38  cdrcmple.o(.text)
    __aeabi_uldivmod                         0x080004e1   Thumb Code    96  uldiv.o(.text)
    __aeabi_llsl                             0x08000541   Thumb Code    32  llshl.o(.text)
    _ll_shift_l                              0x08000541   Thumb Code     0  llshl.o(.text)
    __aeabi_llsr                             0x08000561   Thumb Code    34  llushr.o(.text)
    _ll_ushift_r                             0x08000561   Thumb Code     0  llushr.o(.text)
    __aeabi_lasr                             0x08000583   Thumb Code    38  llsshr.o(.text)
    _ll_sshift_r                             0x08000583   Thumb Code     0  llsshr.o(.text)
    __I$use$fp                               0x080005a9   Thumb Code     0  iusefp.o(.text)
    _double_round                            0x080005a9   Thumb Code    26  depilogue.o(.text)
    _double_epilogue                         0x080005c3   Thumb Code   164  depilogue.o(.text)
    __aeabi_d2ulz                            0x08000669   Thumb Code    54  dfixul.o(.text)
    __scatterload                            0x080006a9   Thumb Code    28  init.o(.text)
    __scatterload_rt2                        0x080006a9   Thumb Code     0  init.o(.text)
    SysTick_Handler                          0x080007a5   Thumb Code     2  drv_systick.o(i.SysTick_Handler)
    SystemInit                               0x080007a9   Thumb Code   110  drv_clock.o(i.SystemInit)
    TIM2_IRQHandler                          0x08000825   Thumb Code   142  drv_timers.o(i.TIM2_IRQHandler)
    USART1_IRQHandler                        0x080008c1   Thumb Code   128  drv_usart_hardware.o(i.USART1_IRQHandler)
    __0printf                                0x08000955   Thumb Code    24  printfa.o(i.__0printf)
    __1printf                                0x08000955   Thumb Code     0  printfa.o(i.__0printf)
    __2printf                                0x08000955   Thumb Code     0  printfa.o(i.__0printf)
    __c89printf                              0x08000955   Thumb Code     0  printfa.o(i.__0printf)
    printf                                   0x08000955   Thumb Code     0  printfa.o(i.__0printf)
    __ARM_clz                                0x08000975   Thumb Code    46  depilogue.o(i.__ARM_clz)
    __scatterload_copy                       0x080009a3   Thumb Code    14  handlers.o(i.__scatterload_copy)
    __scatterload_null                       0x080009b1   Thumb Code     2  handlers.o(i.__scatterload_null)
    __scatterload_zeroinit                   0x080009b3   Thumb Code    14  handlers.o(i.__scatterload_zeroinit)
    app_init                                 0x0800126d   Thumb Code     8  main.o(i.app_init)
    drv_clock_inside                         0x08001275   Thumb Code   126  drv_clock.o(i.drv_clock_inside)
    drv_irq_usart1_disable                   0x080012fd   Thumb Code    26  drv_usart_hardware.o(i.drv_irq_usart1_disable)
    drv_irq_usart1_enable                    0x0800131d   Thumb Code    26  drv_usart_hardware.o(i.drv_irq_usart1_enable)
    drv_led_init                             0x0800133d   Thumb Code   128  drv_led.o(i.drv_led_init)
    drv_led_read                             0x080013c5   Thumb Code    54  drv_led.o(i.drv_led_read)
    drv_led_write                            0x080013fb   Thumb Code   102  drv_led.o(i.drv_led_write)
    drv_max7456_connect                      0x08001461   Thumb Code    18  drv_max7456.o(i.drv_max7456_connect)
    drv_max7456_disconnect                   0x08001473   Thumb Code    20  drv_max7456.o(i.drv_max7456_disconnect)
    drv_max7456_init                         0x08001489   Thumb Code   134  drv_max7456.o(i.drv_max7456_init)
    drv_max7456_read                         0x08001515   Thumb Code    22  drv_max7456.o(i.drv_max7456_read)
    drv_max7456_write                        0x0800152b   Thumb Code    22  drv_max7456.o(i.drv_max7456_write)
    drv_nvic_init                            0x08001541   Thumb Code    94  drv_common.o(i.drv_nvic_init)
    drv_spi1_hardware_init                   0x080015a5   Thumb Code   170  drv_spi_hardware.o(i.drv_spi1_hardware_init)
    drv_spi1_hardware_read                   0x08001659   Thumb Code    74  drv_spi_hardware.o(i.drv_spi1_hardware_read)
    drv_spi1_hardware_write                  0x080016a9   Thumb Code    74  drv_spi_hardware.o(i.drv_spi1_hardware_write)
    drv_systick_delay_ms                     0x080016f9   Thumb Code    70  drv_systick.o(i.drv_systick_delay_ms)
    drv_systick_delay_us                     0x08001749   Thumb Code    70  drv_systick.o(i.drv_systick_delay_us)
    drv_systick_init                         0x08001799   Thumb Code    34  drv_systick.o(i.drv_systick_init)
    drv_timer2_init                          0x080017c9   Thumb Code    98  drv_timers.o(i.drv_timer2_init)
    drv_usart1_hardware_init                 0x08001835   Thumb Code   286  drv_usart_hardware.o(i.drv_usart1_hardware_init)
    drv_usart1_hardware_write                0x08001969   Thumb Code    10  drv_usart_hardware.o(i.drv_usart1_hardware_write)
    fputc                                    0x08001979   Thumb Code   144  sys_printf.o(i.fputc)
    led_off                                  0x08001a1d   Thumb Code    16  app_led.o(i.led_off)
    led_on                                   0x08001a31   Thumb Code    16  app_led.o(i.led_on)
    led_reverse                              0x08001a45   Thumb Code    32  app_led.o(i.led_reverse)
    led_status                               0x08001a65   Thumb Code    14  app_led.o(i.led_status)
    main                                     0x08001a79   Thumb Code    16  main.o(i.main)
    max7456_debug                            0x08001a89   Thumb Code     8  app_debug.o(i.max7456_debug)
    max7456_debug_read_frame                 0x08001a91   Thumb Code   118  app_debug.o(i.max7456_debug_read_frame)
    max7456_draw_allchar                     0x08001b21   Thumb Code   262  app_max7456.o(i.max7456_draw_allchar)
    max7456_getdata                          0x08001c29   Thumb Code    24  app_max7456.o(i.max7456_getdata)
    max7456_init                             0x08001c4d   Thumb Code   150  app_max7456.o(i.max7456_init)
    max7456_offset                           0x08001ce9   Thumb Code    36  app_max7456.o(i.max7456_offset)
    max7456_read_reg                         0x08001d0d   Thumb Code    64  app_max7456.o(i.max7456_read_reg)
    max7456_write_char                       0x08001d61   Thumb Code    50  app_max7456.o(i.max7456_write_char)
    max7456_write_char_xy                    0x08001d9d   Thumb Code    24  app_max7456.o(i.max7456_write_char_xy)
    max7456_write_reg                        0x08001db5   Thumb Code    36  app_max7456.o(i.max7456_write_reg)
    start_task                               0x08001dfd   Thumb Code    78  app_speedgroup.o(i.start_task)
    sys_api_init                             0x08001e55   Thumb Code    62  sys_api.o(i.sys_api_init)
    sys_clock_init                           0x08001ee5   Thumb Code     8  sys_clock.o(i.sys_clock_init)
    sys_delay_init                           0x08001eed   Thumb Code     8  sys_delay.o(i.sys_delay_init)
    sys_delay_ms                             0x08001ef5   Thumb Code    12  sys_delay.o(i.sys_delay_ms)
    sys_delay_us                             0x08001f01   Thumb Code    12  sys_delay.o(i.sys_delay_us)
    sys_frame_pack                           0x08001f0d   Thumb Code    24  sys_protocol.o(i.sys_frame_pack)
    sys_frame_pack_body                      0x08001f25   Thumb Code    76  sys_protocol.o(i.sys_frame_pack_body)
    sys_frame_pack_head                      0x08001f79   Thumb Code    14  sys_protocol.o(i.sys_frame_pack_head)
    sys_frame_parse                          0x08001f8d   Thumb Code    28  sys_protocol.o(i.sys_frame_parse)
    sys_frame_read                           0x0800214d   Thumb Code    56  sys_protocol.o(i.sys_frame_read)
    sys_frame_write                          0x08002195   Thumb Code    22  sys_protocol.o(i.sys_frame_write)
    sys_init                                 0x080021ab   Thumb Code    36  sys.o(i.sys_init)
    task_debug                               0x080021cf   Thumb Code     8  app_debug.o(i.task_debug)
    task_led                                 0x080021d9   Thumb Code    20  app_led.o(i.task_led)
    task_max7456_draw_osd                    0x080021f1   Thumb Code     8  app_max7456.o(i.task_max7456_draw_osd)
    task_null                                0x080021f9   Thumb Code     2  sys.o(i.task_null)
    Region$$Table$$Base                      0x080022e4   Number         0  anon$$obj.o(Region$$Table)
    Region$$Table$$Limit                     0x08002304   Number         0  anon$$obj.o(Region$$Table)
    task_list                                0x20000000   Data         120  app_speedgroup.o(.data)
    led_cnt                                  0x20000078   Data           4  app_led.o(.data)
    sys_tick                                 0x20000080   Data           4  sys.o(.data)
    sys_speed_flag                           0x20000084   Data           5  sys.o(.data)
    delay_us                                 0x2000008c   Data           4  sys_api.o(.data)
    delay_ms                                 0x20000090   Data           4  sys_api.o(.data)
    led_write                                0x20000094   Data           4  sys_api.o(.data)
    led_read                                 0x20000098   Data           4  sys_api.o(.data)
    dev_max7456_init                         0x2000009c   Data           4  sys_api.o(.data)
    max7456_connect                          0x200000a0   Data           4  sys_api.o(.data)
    max7456_disconnect                       0x200000a4   Data           4  sys_api.o(.data)
    max7456_write                            0x200000a8   Data           4  sys_api.o(.data)
    max7456_read                             0x200000ac   Data           4  sys_api.o(.data)
    w25qxx_connect                           0x200000b0   Data           4  sys_api.o(.data)
    w25qxx_disconnect                        0x200000b4   Data           4  sys_api.o(.data)
    w25qxx_read                              0x200000b8   Data           4  sys_api.o(.data)
    w25qxx_write                             0x200000bc   Data           4  sys_api.o(.data)
    frame_read                               0x200000c0   Data           4  sys_api.o(.data)
    frame_write                              0x200000c4   Data           4  sys_api.o(.data)
    __stdout                                 0x200000c8   Data           4  sys_printf.o(.data)
    frame_head_pointer                       0x200000d0   Data           1  sys_protocol.o(.data)
    frame_body_pointer                       0x200000d1   Data           1  sys_protocol.o(.data)
    frame_valid_flag                         0x200000d2   Data           1  sys_protocol.o(.data)
    frame_size                               0x200000d3   Data           1  sys_protocol.o(.data)
    frame_type                               0x200000d4   Data           1  sys_protocol.o(.data)
    frame_check                              0x200000d6   Data           2  sys_protocol.o(.data)
    frame_calcu                              0x200000d8   Data           2  sys_protocol.o(.data)
    txpoint                                  0x200000e0   Data           4  drv_usart_hardware.o(.data)
    txtail                                   0x200000e4   Data           4  drv_usart_hardware.o(.data)
    arynum                                   0x200000e8   Data           4  drv_usart_hardware.o(.data)
    screen_buf                               0x200000ec   Data         500  app_max7456.o(.bss)
    shadow_buf                               0x200002e0   Data         480  app_max7456.o(.bss)
    dmaspi_buf                               0x200004c0   Data         320  app_max7456.o(.bss)
    max7456_frame                            0x20000600   Data          14  app_max7456.o(.bss)
    frame_recv_buf                           0x2000060e   Data          50  sys_protocol.o(.bss)
    frame_send_buf                           0x20000640   Data          50  sys_protocol.o(.bss)
    txbuf                                    0x20000672   Data         405  drv_usart_hardware.o(.bss)
    __initial_sp                             0x20000c08   Data           0  startup_stm32f031.o(STACK)



==============================================================================

Memory Map of the image

  Image Entry point : 0x080000b1

  Load Region LR_IROM1 (Base: 0x08000000, Size: 0x000023f0, Max: 0x00008000, ABSOLUTE)

    Execution Region ER_IROM1 (Base: 0x08000000, Size: 0x00002304, Max: 0x00008000, ABSOLUTE)

    Base Addr    Size         Type   Attr      Idx    E Section Name        Object

    0x08000000   0x000000b0   Data   RO         1107    RESET               startup_stm32f031.o
    0x080000b0   0x00000000   Code   RO         1120  * .ARM.Collect$$$$00000000  mc_p.l(entry.o)
    0x080000b0   0x00000004   Code   RO         1449    .ARM.Collect$$$$00000001  mc_p.l(entry2.o)
    0x080000b4   0x00000004   Code   RO         1452    .ARM.Collect$$$$00000004  mc_p.l(entry5.o)
    0x080000b8   0x00000000   Code   RO         1454    .ARM.Collect$$$$00000008  mc_p.l(entry7b.o)
    0x080000b8   0x00000000   Code   RO         1456    .ARM.Collect$$$$0000000A  mc_p.l(entry8b.o)
    0x080000b8   0x00000008   Code   RO         1457    .ARM.Collect$$$$0000000B  mc_p.l(entry9a.o)
    0x080000c0   0x00000000   Code   RO         1459    .ARM.Collect$$$$0000000D  mc_p.l(entry10a.o)
    0x080000c0   0x00000000   Code   RO         1461    .ARM.Collect$$$$0000000F  mc_p.l(entry11a.o)
    0x080000c0   0x00000004   Code   RO         1450    .ARM.Collect$$$$00002712  mc_p.l(entry2.o)
    0x080000c4   0x00000058   Code   RO         1108    .text               startup_stm32f031.o
    0x0800011c   0x0000002c   Code   RO         1123    .text               mc_p.l(uidiv.o)
    0x08000148   0x00000028   Code   RO         1125    .text               mc_p.l(idiv.o)
    0x08000170   0x00000024   Code   RO         1127    .text               mc_p.l(memcpya.o)
    0x08000194   0x00000164   Code   RO         1402    .text               mf_p.l(dadd.o)
    0x080002f8   0x000000d0   Code   RO         1404    .text               mf_p.l(dmul.o)
    0x080003c8   0x000000f0   Code   RO         1406    .text               mf_p.l(ddiv.o)
    0x080004b8   0x00000028   Code   RO         1420    .text               mf_p.l(cdrcmple.o)
    0x080004e0   0x00000060   Code   RO         1463    .text               mc_p.l(uldiv.o)
    0x08000540   0x00000020   Code   RO         1465    .text               mc_p.l(llshl.o)
    0x08000560   0x00000022   Code   RO         1467    .text               mc_p.l(llushr.o)
    0x08000582   0x00000026   Code   RO         1469    .text               mc_p.l(llsshr.o)
    0x080005a8   0x00000000   Code   RO         1478    .text               mc_p.l(iusefp.o)
    0x080005a8   0x000000be   Code   RO         1481    .text               mf_p.l(depilogue.o)
    0x08000666   0x00000002   PAD
    0x08000668   0x00000040   Code   RO         1485    .text               mf_p.l(dfixul.o)
    0x080006a8   0x00000024   Code   RO         1491    .text               mc_p.l(init.o)
    0x080006cc   0x000000d8   Code   RO          795    i.SetSysClock       drv_clock.o
    0x080007a4   0x00000002   Code   RO          844    i.SysTick_Handler   drv_systick.o
    0x080007a6   0x00000002   PAD
    0x080007a8   0x0000007c   Code   RO          796    i.SystemInit        drv_clock.o
    0x08000824   0x0000009c   Code   RO          884    i.TIM2_IRQHandler   drv_timers.o
    0x080008c0   0x00000094   Code   RO          961    i.USART1_IRQHandler  drv_usart_hardware.o
    0x08000954   0x00000020   Code   RO         1372    i.__0printf         mc_p.l(printfa.o)
    0x08000974   0x0000002e   Code   RO         1483    i.__ARM_clz         mf_p.l(depilogue.o)
    0x080009a2   0x0000000e   Code   RO         1497    i.__scatterload_copy  mc_p.l(handlers.o)
    0x080009b0   0x00000002   Code   RO         1498    i.__scatterload_null  mc_p.l(handlers.o)
    0x080009b2   0x0000000e   Code   RO         1499    i.__scatterload_zeroinit  mc_p.l(handlers.o)
    0x080009c0   0x00000174   Code   RO         1379    i._fp_digits        mc_p.l(printfa.o)
    0x08000b34   0x000006ec   Code   RO         1380    i._printf_core      mc_p.l(printfa.o)
    0x08001220   0x00000020   Code   RO         1381    i._printf_post_padding  mc_p.l(printfa.o)
    0x08001240   0x0000002c   Code   RO         1382    i._printf_pre_padding  mc_p.l(printfa.o)
    0x0800126c   0x00000008   Code   RO            1    i.app_init          main.o
    0x08001274   0x00000088   Code   RO          798    i.drv_clock_inside  drv_clock.o
    0x080012fc   0x00000020   Code   RO          962    i.drv_irq_usart1_disable  drv_usart_hardware.o
    0x0800131c   0x00000020   Code   RO          963    i.drv_irq_usart1_enable  drv_usart_hardware.o
    0x0800133c   0x00000088   Code   RO         1075    i.drv_led_init      drv_led.o
    0x080013c4   0x00000036   Code   RO         1076    i.drv_led_read      drv_led.o
    0x080013fa   0x00000066   Code   RO         1077    i.drv_led_write     drv_led.o
    0x08001460   0x00000012   Code   RO         1018    i.drv_max7456_connect  drv_max7456.o
    0x08001472   0x00000014   Code   RO         1019    i.drv_max7456_disconnect  drv_max7456.o
    0x08001486   0x00000002   PAD
    0x08001488   0x0000008c   Code   RO         1020    i.drv_max7456_init  drv_max7456.o
    0x08001514   0x00000016   Code   RO         1021    i.drv_max7456_read  drv_max7456.o
    0x0800152a   0x00000016   Code   RO         1022    i.drv_max7456_write  drv_max7456.o
    0x08001540   0x00000064   Code   RO          755    i.drv_nvic_init     drv_common.o
    0x080015a4   0x000000b4   Code   RO          910    i.drv_spi1_hardware_init  drv_spi_hardware.o
    0x08001658   0x00000050   Code   RO          911    i.drv_spi1_hardware_read  drv_spi_hardware.o
    0x080016a8   0x00000050   Code   RO          913    i.drv_spi1_hardware_write  drv_spi_hardware.o
    0x080016f8   0x00000050   Code   RO          845    i.drv_systick_delay_ms  drv_systick.o
    0x08001748   0x00000050   Code   RO          846    i.drv_systick_delay_us  drv_systick.o
    0x08001798   0x00000030   Code   RO          847    i.drv_systick_init  drv_systick.o
    0x080017c8   0x0000006c   Code   RO          885    i.drv_timer2_init   drv_timers.o
    0x08001834   0x00000134   Code   RO          964    i.drv_usart1_hardware_init  drv_usart_hardware.o
    0x08001968   0x00000010   Code   RO          966    i.drv_usart1_hardware_write  drv_usart_hardware.o
    0x08001978   0x000000a4   Code   RO          664    i.fputc             sys_printf.o
    0x08001a1c   0x00000014   Code   RO           61    i.led_off           app_led.o
    0x08001a30   0x00000014   Code   RO           62    i.led_on            app_led.o
    0x08001a44   0x00000020   Code   RO           63    i.led_reverse       app_led.o
    0x08001a64   0x00000014   Code   RO           64    i.led_status        app_led.o
    0x08001a78   0x00000010   Code   RO            2    i.main              main.o
    0x08001a88   0x00000008   Code   RO          356    i.max7456_debug     app_debug.o
    0x08001a90   0x00000090   Code   RO          357    i.max7456_debug_read_frame  app_debug.o
    0x08001b20   0x00000106   Code   RO          108    i.max7456_draw_allchar  app_max7456.o
    0x08001c26   0x00000002   PAD
    0x08001c28   0x00000024   Code   RO          127    i.max7456_getdata   app_max7456.o
    0x08001c4c   0x0000009c   Code   RO          128    i.max7456_init      app_max7456.o
    0x08001ce8   0x00000024   Code   RO          132    i.max7456_offset    app_max7456.o
    0x08001d0c   0x00000054   Code   RO          133    i.max7456_read_reg  app_max7456.o
    0x08001d60   0x0000003c   Code   RO          137    i.max7456_write_char  app_max7456.o
    0x08001d9c   0x00000018   Code   RO          138    i.max7456_write_char_xy  app_max7456.o
    0x08001db4   0x00000030   Code   RO          139    i.max7456_write_reg  app_max7456.o
    0x08001de4   0x0000000c   Code   RO          914    i.spi_receivedata8  drv_spi_hardware.o
    0x08001df0   0x0000000a   Code   RO          915    i.spi_senddata8     drv_spi_hardware.o
    0x08001dfa   0x00000002   PAD
    0x08001dfc   0x00000058   Code   RO           39    i.start_task        app_speedgroup.o
    0x08001e54   0x00000090   Code   RO          602    i.sys_api_init      sys_api.o
    0x08001ee4   0x00000008   Code   RO          624    i.sys_clock_init    sys_clock.o
    0x08001eec   0x00000008   Code   RO          636    i.sys_delay_init    sys_delay.o
    0x08001ef4   0x0000000c   Code   RO          637    i.sys_delay_ms      sys_delay.o
    0x08001f00   0x0000000c   Code   RO          638    i.sys_delay_us      sys_delay.o
    0x08001f0c   0x00000018   Code   RO          694    i.sys_frame_pack    sys_protocol.o
    0x08001f24   0x00000054   Code   RO          695    i.sys_frame_pack_body  sys_protocol.o
    0x08001f78   0x00000014   Code   RO          696    i.sys_frame_pack_head  sys_protocol.o
    0x08001f8c   0x00000020   Code   RO          697    i.sys_frame_parse   sys_protocol.o
    0x08001fac   0x00000098   Code   RO          698    i.sys_frame_parse_head  sys_protocol.o
    0x08002044   0x00000108   Code   RO          699    i.sys_frame_pasre_body  sys_protocol.o
    0x0800214c   0x00000048   Code   RO          700    i.sys_frame_read    sys_protocol.o
    0x08002194   0x00000016   Code   RO          701    i.sys_frame_write   sys_protocol.o
    0x080021aa   0x00000024   Code   RO          553    i.sys_init          sys.o
    0x080021ce   0x00000008   Code   RO          359    i.task_debug        app_debug.o
    0x080021d6   0x00000002   PAD
    0x080021d8   0x00000018   Code   RO           65    i.task_led          app_led.o
    0x080021f0   0x00000008   Code   RO          140    i.task_max7456_draw_osd  app_max7456.o
    0x080021f8   0x00000002   Code   RO          554    i.task_null         sys.o
    0x080021fa   0x00000002   PAD
    0x080021fc   0x000000e7   Data   RO          360    .conststring        app_debug.o
    0x080022e3   0x00000001   PAD
    0x080022e4   0x00000020   Data   RO         1495    Region$$Table       anon$$obj.o


    Execution Region RW_IRAM1 (Base: 0x20000000, Size: 0x00000c08, Max: 0x00001000, ABSOLUTE)

    Base Addr    Size         Type   Attr      Idx    E Section Name        Object

    0x20000000   0x00000078   Data   RW           40    .data               app_speedgroup.o
    0x20000078   0x00000004   Data   RW           66    .data               app_led.o
    0x2000007c   0x00000001   Data   RW          361    .data               app_debug.o
    0x2000007d   0x00000003   PAD
    0x20000080   0x00000009   Data   RW          555    .data               sys.o
    0x20000089   0x00000003   PAD
    0x2000008c   0x0000003c   Data   RW          603    .data               sys_api.o
    0x200000c8   0x00000008   Data   RW          665    .data               sys_printf.o
    0x200000d0   0x0000000a   Data   RW          703    .data               sys_protocol.o
    0x200000da   0x00000004   Data   RW          848    .data               drv_systick.o
    0x200000de   0x00000002   PAD
    0x200000e0   0x0000000c   Data   RW          968    .data               drv_usart_hardware.o
    0x200000ec   0x00000522   Zero   RW          141    .bss                app_max7456.o
    0x2000060e   0x00000064   Zero   RW          702    .bss                sys_protocol.o
    0x20000672   0x00000195   Zero   RW          967    .bss                drv_usart_hardware.o
    0x20000807   0x00000001   PAD
    0x20000808   0x00000400   Zero   RW         1105    STACK               startup_stm32f031.o


==============================================================================

Image component sizes


      Code (inc. data)   RO Data    RW Data    ZI Data      Debug   Object Name

       160         26        231          1          0       1596   app_debug.o
       116         18          0          4          0       2947   app_led.o
       714         60          0          0       1314       8399   app_max7456.o
        88         10          0        120          0       1413   app_speedgroup.o
       476         34          0          0          0       2180   drv_clock.o
       100          6          0          0          0     158788   drv_common.o
       292          8          0          0          0       1798   drv_led.o
       222          6          0          0          0       2685   drv_max7456.o
       362         22          0          0          0       3500   drv_spi_hardware.o
       210         34          0          4          0       2491   drv_systick.o
       264         24          0          0          0       1156   drv_timers.o
       536         60          0         12        405       4326   drv_usart_hardware.o
        24          0          0          0          0       5466   main.o
        88         38        176          0       1024        692   startup_stm32f031.o
        38          0          0          9          0       1833   sys.o
       144         82          0         60          0       2190   sys_api.o
         8          0          0          0          0        497   sys_clock.o
        32          0          0          0          0       1583   sys_delay.o
       164         20          0          8          0       2722   sys_printf.o
       670         78          0         10        100       6231   sys_protocol.o

    ----------------------------------------------------------------------
      4720        526        440        236       2844     212493   Object Totals
         0          0         32          0          0          0   (incl. Generated)
        12          0          1          8          1          0   (incl. Padding)

    ----------------------------------------------------------------------

      Code (inc. data)   RO Data    RW Data    ZI Data      Debug   Library Member Name

         0          0          0          0          0          0   entry.o
         0          0          0          0          0          0   entry10a.o
         0          0          0          0          0          0   entry11a.o
         8          4          0          0          0          0   entry2.o
         4          0          0          0          0          0   entry5.o
         0          0          0          0          0          0   entry7b.o
         0          0          0          0          0          0   entry8b.o
         8          4          0          0          0          0   entry9a.o
        30          0          0          0          0          0   handlers.o
        40          0          0          0          0         72   idiv.o
        36          8          0          0          0         68   init.o
         0          0          0          0          0          0   iusefp.o
        32          0          0          0          0         68   llshl.o
        38          0          0          0          0         68   llsshr.o
        34          0          0          0          0         68   llushr.o
        36          0          0          0          0         60   memcpya.o
      2252         98          0          0          0        412   printfa.o
        44          0          0          0          0         72   uidiv.o
        96          0          0          0          0         84   uldiv.o
        40          2          0          0          0         68   cdrcmple.o
       356          4          0          0          0        140   dadd.o
       240          6          0          0          0         84   ddiv.o
       236          0          0          0          0        216   depilogue.o
        64         10          0          0          0         68   dfixul.o
       208          6          0          0          0         88   dmul.o

    ----------------------------------------------------------------------
      3804        142          0          0          0       1636   Library Totals
         2          0          0          0          0          0   (incl. Padding)

    ----------------------------------------------------------------------

      Code (inc. data)   RO Data    RW Data    ZI Data      Debug   Library Name

      2658        114          0          0          0        972   mc_p.l
      1144         28          0          0          0        664   mf_p.l

    ----------------------------------------------------------------------
      3804        142          0          0          0       1636   Library Totals

    ----------------------------------------------------------------------

==============================================================================


      Code (inc. data)   RO Data    RW Data    ZI Data      Debug   

      8524        668        440        236       2844     210797   Grand Totals
      8524        668        440        236       2844     210797   ELF Image Totals
      8524        668        440        236          0          0   ROM Totals

==============================================================================

    Total RO  Size (Code + RO Data)                 8964 (   8.75kB)
    Total RW  Size (RW Data + ZI Data)              3080 (   3.01kB)
    Total ROM Size (Code + RO Data + RW Data)       9200 (   8.98kB)

==============================================================================

